#
# There is insufficient memory for the Java Runtime Environment to continue.
# Native memory allocation (malloc) failed to allocate 300896 bytes. Error detail: Chunk::new
# Possible reasons:
#   The system is out of physical RAM or swap space
#   This process is running with CompressedOops enabled, and the Java Heap may be blocking the growth of the native heap
# Possible solutions:
#   Reduce memory load on the system
#   Increase physical memory or swap space
#   Check if swap backing store is full
#   Decrease Java heap size (-Xmx/-Xms)
#   Decrease number of Java threads
#   Decrease Java thread stack sizes (-Xss)
#   Set larger code cache with -XX:ReservedCodeCacheSize=
#   JVM is running with Unscaled Compressed Oops mode in which the Java heap is
#     placed in the first 4GB address space. The Java Heap base address is the
#     maximum limit for the native heap growth. Please use -XX:HeapBaseMinAddress
#     to set the Java Heap base and to place the Java Heap above 4GB virtual address.
# This output file may be truncated or incomplete.
#
#  Out of Memory Error (arena.cpp:149), pid=5384, tid=16312
#
# JRE version: OpenJDK Runtime Environment Temurin-23.0.2+7 (23.0.2+7) (build 23.0.2+7)
# Java VM: OpenJDK 64-Bit Server VM Temurin-23.0.2+7 (23.0.2+7, mixed mode, sharing, tiered, compressed oops, compressed class ptrs, g1 gc, windows-amd64)
# No core dump will be written. Minidumps are not enabled by default on client versions of Windows
#

---------------  S U M M A R Y ------------

Command Line: -Dfile.encoding=UTF-8 -Dstdout.encoding=UTF-8 -Dstderr.encoding=UTF-8 --module-path=D:\Eclipse\RQPH\bin;C:\Users\ivanr\.p2\pool\plugins\org.eclipse.fx.ide.css.jfx8_3.8.0.202204150904.jar;D:\Eclipse\javafx-sdk-25.0.1\lib\javafx.base.jar;D:\Eclipse\javafx-sdk-25.0.1\lib\javafx.controls.jar;D:\Eclipse\javafx-sdk-25.0.1\lib\javafx.fxml.jar;D:\Eclipse\javafx-sdk-25.0.1\lib\javafx.graphics.jar;D:\Eclipse\javafx-sdk-25.0.1\lib\javafx.media.jar;D:\Eclipse\javafx-sdk-25.0.1\lib\javafx.swing.jar;D:\Eclipse\javafx-sdk-25.0.1\lib\javafx.web.jar;D:\Eclipse\javafx-sdk-25.0.1\lib\javafx-swt.jar;D:\Eclipse\javafx-sdk-25.0.1\lib\jdk.jsobject.jar;D:\Eclipse\javafx-sdk-25.0.1\lib\jfx.incubator.input.jar;D:\Eclipse\javafx-sdk-25.0.1\lib\jfx.incubator.richtext.jar -XX:+ShowCodeDetailsInExceptionMessages -Djdk.module.main=RQPH RQPH/application.Main

Host: Intel(R) Core(TM) i3-10110U CPU @ 2.10GHz, 4 cores, 7G,  Windows 11 , 64 bit Build 22621 (10.0.22621.5415)
Time: Tue Nov 11 17:22:25 2025 Malay Peninsula Standard Time elapsed time: 0.153899 seconds (0d 0h 0m 0s)

---------------  T H R E A D  ---------------

Current thread (0x000002209a1d34b0):  JavaThread "C2 CompilerThread1" daemon [_thread_in_native, id=16312, stack(0x000000d300b00000,0x000000d300c00000) (1024K)]


Current CompileTask:
C2:153  351       4       java.util.stream.ReferencePipeline$3$1::accept (23 bytes)

Stack: [0x000000d300b00000,0x000000d300c00000]
Native frames: (J=compiled Java code, j=interpreted, Vv=VM code, C=native code)
V  [jvm.dll+0x6e8fa9]  (no source info available)
V  [jvm.dll+0x8d96b3]  (no source info available)
V  [jvm.dll+0x8dbb3e]  (no source info available)
V  [jvm.dll+0x8dc213]  (no source info available)
V  [jvm.dll+0x281bc6]  (no source info available)
V  [jvm.dll+0xbbb0f]  (no source info available)
V  [jvm.dll+0xbbd6b]  (no source info available)
V  [jvm.dll+0x2f560d]  (no source info available)
V  [jvm.dll+0x60cae9]  (no source info available)
V  [jvm.dll+0x2542f2]  (no source info available)
V  [jvm.dll+0x24cb37]  (no source info available)
V  [jvm.dll+0x24a044]  (no source info available)
V  [jvm.dll+0x1c8fb0]  (no source info available)
V  [jvm.dll+0x25a23e]  (no source info available)
V  [jvm.dll+0x25850a]  (no source info available)
V  [jvm.dll+0x3f4916]  (no source info available)
V  [jvm.dll+0x88062b]  (no source info available)
V  [jvm.dll+0x6e77b5]  (no source info available)
C  [ucrtbase.dll+0x29333]  (no source info available)
C  [KERNEL32.DLL+0x1259d]  (no source info available)
C  [ntdll.dll+0x5af78]  (no source info available)

Lock stack of current Java thread (top to bottom):


---------------  P R O C E S S  ---------------

Threads class SMR info:
_java_thread_list=0x000002209a73eac0, length=12, elements={
0x000002203b1ada50, 0x0000022054e3cc60, 0x0000022054e3dcd0, 0x0000022054e41e20,
0x0000022054e44890, 0x0000022054e46c50, 0x0000022054e4baf0, 0x0000022054e6c890,
0x0000022054e712a0, 0x000002209a0ba790, 0x000002209a1d34b0, 0x000002209a76d710
}

Java Threads: ( => current thread )
  0x000002203b1ada50 JavaThread "main"                              [_thread_in_vm, id=22680, stack(0x000000d37fa00000,0x000000d37fb00000) (1024K)]
  0x0000022054e3cc60 JavaThread "Reference Handler"          daemon [_thread_blocked, id=19100, stack(0x000000d300200000,0x000000d300300000) (1024K)]
  0x0000022054e3dcd0 JavaThread "Finalizer"                  daemon [_thread_blocked, id=4980, stack(0x000000d300300000,0x000000d300400000) (1024K)]
  0x0000022054e41e20 JavaThread "Signal Dispatcher"          daemon [_thread_blocked, id=25988, stack(0x000000d300400000,0x000000d300500000) (1024K)]
  0x0000022054e44890 JavaThread "Attach Listener"            daemon [_thread_blocked, id=16732, stack(0x000000d300500000,0x000000d300600000) (1024K)]
  0x0000022054e46c50 JavaThread "Service Thread"             daemon [_thread_blocked, id=17760, stack(0x000000d300600000,0x000000d300700000) (1024K)]
  0x0000022054e4baf0 JavaThread "Monitor Deflation Thread"   daemon [_thread_blocked, id=23624, stack(0x000000d300700000,0x000000d300800000) (1024K)]
  0x0000022054e6c890 JavaThread "C2 CompilerThread0"         daemon [_thread_in_native, id=24796, stack(0x000000d300800000,0x000000d300900000) (1024K)]
  0x0000022054e712a0 JavaThread "C1 CompilerThread0"         daemon [_thread_in_native, id=20704, stack(0x000000d300900000,0x000000d300a00000) (1024K)]
  0x000002209a0ba790 JavaThread "Common-Cleaner"             daemon [_thread_blocked, id=13744, stack(0x000000d300a00000,0x000000d300b00000) (1024K)]
=>0x000002209a1d34b0 JavaThread "C2 CompilerThread1"         daemon [_thread_in_native, id=16312, stack(0x000000d300b00000,0x000000d300c00000) (1024K)]
  0x000002209a76d710 JavaThread "Notification Thread"        daemon [_thread_new, id=12680, stack(0x000000d300c00000,0x000000d300d00000) (1024K)]
Total: 12

Other Threads:
  0x0000022054e20a90 VMThread "VM Thread"                           [id=22988, stack(0x000000d300100000,0x000000d300200000) (1024K)]
  0x0000022054e0e770 WatcherThread "VM Periodic Task Thread"        [id=2256, stack(0x000000d300000000,0x000000d300100000) (1024K)]
  0x000002203d562ad0 WorkerThread "GC Thread#0"                     [id=19444, stack(0x000000d37fb00000,0x000000d37fc00000) (1024K)]
  0x000002203d577560 ConcurrentGCThread "G1 Main Marker"            [id=14488, stack(0x000000d37fc00000,0x000000d37fd00000) (1024K)]
  0x000002203d5789c0 WorkerThread "G1 Conc#0"                       [id=23240, stack(0x000000d37fd00000,0x000000d37fe00000) (1024K)]
  0x0000022054ce30d0 ConcurrentGCThread "G1 Refine#0"               [id=20948, stack(0x000000d37fe00000,0x000000d37ff00000) (1024K)]
  0x0000022054ce3a60 ConcurrentGCThread "G1 Service"                [id=25748, stack(0x000000d37ff00000,0x000000d380000000) (1024K)]
Total: 7

Threads with active compile tasks:
C2 CompilerThread0  189  365   !   4       java.util.stream.ReferencePipeline$7$1FlatMap::accept (103 bytes)
C2 CompilerThread1  189  351       4       java.util.stream.ReferencePipeline$3$1::accept (23 bytes)
Total: 2

VM state: not at safepoint (normal execution)

VM Mutex/Monitor currently owned by a thread: None

Heap address: 0x0000000082800000, size: 2008 MB, Compressed Oops mode: 32-bit

CDS archive(s) mapped at: [0x0000022055000000-0x0000022055d70000-0x0000022055d70000), size 14090240, SharedBaseAddress: 0x0000022055000000, ArchiveRelocationMode: 1.
Compressed class space mapped at: 0x0000022056000000-0x0000022096000000, reserved size: 1073741824
Narrow klass base: 0x0000022055000000, Narrow klass shift: 0, Narrow klass range: 0x41000000

GC Precious Log:
 CardTable entry size: 512
 Card Set container configuration: InlinePtr #cards 5 size 8 Array Of Cards #cards 10 size 36 Howl #buckets 4 coarsen threshold 1843 Howl Bitmap #cards 512 size 80 coarsen threshold 460 Card regions per heap region 1 cards per card region 2048
 CPUs: 4 total, 4 available
 Memory: 8025M
 Large Page Support: Disabled
 NUMA Support: Disabled
 Compressed Oops: Enabled (32-bit)
 Heap Region Size: 1M
 Heap Min Capacity: 8M
 Heap Initial Capacity: 126M
 Heap Max Capacity: 2008M
 Pre-touch: Disabled
 Parallel Workers: 4
 Concurrent Workers: 1
 Concurrent Refinement Workers: 4
 Periodic GC: Disabled

Heap:
 garbage-first heap   total reserved 2056192K, committed 129024K, used 7168K [0x0000000082800000, 0x0000000100000000)
  region size 1024K, 9 young (9216K), 0 survivors (0K)
 Metaspace       used 1277K, committed 1472K, reserved 1114112K
  class space    used 131K, committed 192K, reserved 1048576K

Heap Regions: E=young(eden), S=young(survivor), O=old, HS=humongous(starts), HC=humongous(continues), CS=collection set, F=free, TAMS=top-at-mark-start, PB=parsable bottom
|   0|0x0000000082800000, 0x0000000082800000, 0x0000000082900000|  0%| F|  |TAMS 0x0000000082800000| PB 0x0000000082800000| Untracked |  0
|   1|0x0000000082900000, 0x0000000082900000, 0x0000000082a00000|  0%| F|  |TAMS 0x0000000082900000| PB 0x0000000082900000| Untracked |  0
|   2|0x0000000082a00000, 0x0000000082a00000, 0x0000000082b00000|  0%| F|  |TAMS 0x0000000082a00000| PB 0x0000000082a00000| Untracked |  0
|   3|0x0000000082b00000, 0x0000000082b00000, 0x0000000082c00000|  0%| F|  |TAMS 0x0000000082b00000| PB 0x0000000082b00000| Untracked |  0
|   4|0x0000000082c00000, 0x0000000082c00000, 0x0000000082d00000|  0%| F|  |TAMS 0x0000000082c00000| PB 0x0000000082c00000| Untracked |  0
|   5|0x0000000082d00000, 0x0000000082d00000, 0x0000000082e00000|  0%| F|  |TAMS 0x0000000082d00000| PB 0x0000000082d00000| Untracked |  0
|   6|0x0000000082e00000, 0x0000000082e00000, 0x0000000082f00000|  0%| F|  |TAMS 0x0000000082e00000| PB 0x0000000082e00000| Untracked |  0
|   7|0x0000000082f00000, 0x0000000082f00000, 0x0000000083000000|  0%| F|  |TAMS 0x0000000082f00000| PB 0x0000000082f00000| Untracked |  0
|   8|0x0000000083000000, 0x0000000083000000, 0x0000000083100000|  0%| F|  |TAMS 0x0000000083000000| PB 0x0000000083000000| Untracked |  0
|   9|0x0000000083100000, 0x0000000083100000, 0x0000000083200000|  0%| F|  |TAMS 0x0000000083100000| PB 0x0000000083100000| Untracked |  0
|  10|0x0000000083200000, 0x0000000083200000, 0x0000000083300000|  0%| F|  |TAMS 0x0000000083200000| PB 0x0000000083200000| Untracked |  0
|  11|0x0000000083300000, 0x0000000083300000, 0x0000000083400000|  0%| F|  |TAMS 0x0000000083300000| PB 0x0000000083300000| Untracked |  0
|  12|0x0000000083400000, 0x0000000083400000, 0x0000000083500000|  0%| F|  |TAMS 0x0000000083400000| PB 0x0000000083400000| Untracked |  0
|  13|0x0000000083500000, 0x0000000083500000, 0x0000000083600000|  0%| F|  |TAMS 0x0000000083500000| PB 0x0000000083500000| Untracked |  0
|  14|0x0000000083600000, 0x0000000083600000, 0x0000000083700000|  0%| F|  |TAMS 0x0000000083600000| PB 0x0000000083600000| Untracked |  0
|  15|0x0000000083700000, 0x0000000083700000, 0x0000000083800000|  0%| F|  |TAMS 0x0000000083700000| PB 0x0000000083700000| Untracked |  0
|  16|0x0000000083800000, 0x0000000083800000, 0x0000000083900000|  0%| F|  |TAMS 0x0000000083800000| PB 0x0000000083800000| Untracked |  0
|  17|0x0000000083900000, 0x0000000083900000, 0x0000000083a00000|  0%| F|  |TAMS 0x0000000083900000| PB 0x0000000083900000| Untracked |  0
|  18|0x0000000083a00000, 0x0000000083a00000, 0x0000000083b00000|  0%| F|  |TAMS 0x0000000083a00000| PB 0x0000000083a00000| Untracked |  0
|  19|0x0000000083b00000, 0x0000000083b00000, 0x0000000083c00000|  0%| F|  |TAMS 0x0000000083b00000| PB 0x0000000083b00000| Untracked |  0
|  20|0x0000000083c00000, 0x0000000083c00000, 0x0000000083d00000|  0%| F|  |TAMS 0x0000000083c00000| PB 0x0000000083c00000| Untracked |  0
|  21|0x0000000083d00000, 0x0000000083d00000, 0x0000000083e00000|  0%| F|  |TAMS 0x0000000083d00000| PB 0x0000000083d00000| Untracked |  0
|  22|0x0000000083e00000, 0x0000000083e00000, 0x0000000083f00000|  0%| F|  |TAMS 0x0000000083e00000| PB 0x0000000083e00000| Untracked |  0
|  23|0x0000000083f00000, 0x0000000083f00000, 0x0000000084000000|  0%| F|  |TAMS 0x0000000083f00000| PB 0x0000000083f00000| Untracked |  0
|  24|0x0000000084000000, 0x0000000084000000, 0x0000000084100000|  0%| F|  |TAMS 0x0000000084000000| PB 0x0000000084000000| Untracked |  0
|  25|0x0000000084100000, 0x0000000084100000, 0x0000000084200000|  0%| F|  |TAMS 0x0000000084100000| PB 0x0000000084100000| Untracked |  0
|  26|0x0000000084200000, 0x0000000084200000, 0x0000000084300000|  0%| F|  |TAMS 0x0000000084200000| PB 0x0000000084200000| Untracked |  0
|  27|0x0000000084300000, 0x0000000084300000, 0x0000000084400000|  0%| F|  |TAMS 0x0000000084300000| PB 0x0000000084300000| Untracked |  0
|  28|0x0000000084400000, 0x0000000084400000, 0x0000000084500000|  0%| F|  |TAMS 0x0000000084400000| PB 0x0000000084400000| Untracked |  0
|  29|0x0000000084500000, 0x0000000084500000, 0x0000000084600000|  0%| F|  |TAMS 0x0000000084500000| PB 0x0000000084500000| Untracked |  0
|  30|0x0000000084600000, 0x0000000084600000, 0x0000000084700000|  0%| F|  |TAMS 0x0000000084600000| PB 0x0000000084600000| Untracked |  0
|  31|0x0000000084700000, 0x0000000084700000, 0x0000000084800000|  0%| F|  |TAMS 0x0000000084700000| PB 0x0000000084700000| Untracked |  0
|  32|0x0000000084800000, 0x0000000084800000, 0x0000000084900000|  0%| F|  |TAMS 0x0000000084800000| PB 0x0000000084800000| Untracked |  0
|  33|0x0000000084900000, 0x0000000084900000, 0x0000000084a00000|  0%| F|  |TAMS 0x0000000084900000| PB 0x0000000084900000| Untracked |  0
|  34|0x0000000084a00000, 0x0000000084a00000, 0x0000000084b00000|  0%| F|  |TAMS 0x0000000084a00000| PB 0x0000000084a00000| Untracked |  0
|  35|0x0000000084b00000, 0x0000000084b00000, 0x0000000084c00000|  0%| F|  |TAMS 0x0000000084b00000| PB 0x0000000084b00000| Untracked |  0
|  36|0x0000000084c00000, 0x0000000084c00000, 0x0000000084d00000|  0%| F|  |TAMS 0x0000000084c00000| PB 0x0000000084c00000| Untracked |  0
|  37|0x0000000084d00000, 0x0000000084d00000, 0x0000000084e00000|  0%| F|  |TAMS 0x0000000084d00000| PB 0x0000000084d00000| Untracked |  0
|  38|0x0000000084e00000, 0x0000000084e00000, 0x0000000084f00000|  0%| F|  |TAMS 0x0000000084e00000| PB 0x0000000084e00000| Untracked |  0
|  39|0x0000000084f00000, 0x0000000084f00000, 0x0000000085000000|  0%| F|  |TAMS 0x0000000084f00000| PB 0x0000000084f00000| Untracked |  0
|  40|0x0000000085000000, 0x0000000085000000, 0x0000000085100000|  0%| F|  |TAMS 0x0000000085000000| PB 0x0000000085000000| Untracked |  0
|  41|0x0000000085100000, 0x0000000085100000, 0x0000000085200000|  0%| F|  |TAMS 0x0000000085100000| PB 0x0000000085100000| Untracked |  0
|  42|0x0000000085200000, 0x0000000085200000, 0x0000000085300000|  0%| F|  |TAMS 0x0000000085200000| PB 0x0000000085200000| Untracked |  0
|  43|0x0000000085300000, 0x0000000085300000, 0x0000000085400000|  0%| F|  |TAMS 0x0000000085300000| PB 0x0000000085300000| Untracked |  0
|  44|0x0000000085400000, 0x0000000085400000, 0x0000000085500000|  0%| F|  |TAMS 0x0000000085400000| PB 0x0000000085400000| Untracked |  0
|  45|0x0000000085500000, 0x0000000085500000, 0x0000000085600000|  0%| F|  |TAMS 0x0000000085500000| PB 0x0000000085500000| Untracked |  0
|  46|0x0000000085600000, 0x0000000085600000, 0x0000000085700000|  0%| F|  |TAMS 0x0000000085600000| PB 0x0000000085600000| Untracked |  0
|  47|0x0000000085700000, 0x0000000085700000, 0x0000000085800000|  0%| F|  |TAMS 0x0000000085700000| PB 0x0000000085700000| Untracked |  0
|  48|0x0000000085800000, 0x0000000085800000, 0x0000000085900000|  0%| F|  |TAMS 0x0000000085800000| PB 0x0000000085800000| Untracked |  0
|  49|0x0000000085900000, 0x0000000085900000, 0x0000000085a00000|  0%| F|  |TAMS 0x0000000085900000| PB 0x0000000085900000| Untracked |  0
|  50|0x0000000085a00000, 0x0000000085a00000, 0x0000000085b00000|  0%| F|  |TAMS 0x0000000085a00000| PB 0x0000000085a00000| Untracked |  0
|  51|0x0000000085b00000, 0x0000000085b00000, 0x0000000085c00000|  0%| F|  |TAMS 0x0000000085b00000| PB 0x0000000085b00000| Untracked |  0
|  52|0x0000000085c00000, 0x0000000085c00000, 0x0000000085d00000|  0%| F|  |TAMS 0x0000000085c00000| PB 0x0000000085c00000| Untracked |  0
|  53|0x0000000085d00000, 0x0000000085d00000, 0x0000000085e00000|  0%| F|  |TAMS 0x0000000085d00000| PB 0x0000000085d00000| Untracked |  0
|  54|0x0000000085e00000, 0x0000000085e00000, 0x0000000085f00000|  0%| F|  |TAMS 0x0000000085e00000| PB 0x0000000085e00000| Untracked |  0
|  55|0x0000000085f00000, 0x0000000085f00000, 0x0000000086000000|  0%| F|  |TAMS 0x0000000085f00000| PB 0x0000000085f00000| Untracked |  0
|  56|0x0000000086000000, 0x0000000086000000, 0x0000000086100000|  0%| F|  |TAMS 0x0000000086000000| PB 0x0000000086000000| Untracked |  0
|  57|0x0000000086100000, 0x0000000086100000, 0x0000000086200000|  0%| F|  |TAMS 0x0000000086100000| PB 0x0000000086100000| Untracked |  0
|  58|0x0000000086200000, 0x0000000086200000, 0x0000000086300000|  0%| F|  |TAMS 0x0000000086200000| PB 0x0000000086200000| Untracked |  0
|  59|0x0000000086300000, 0x0000000086300000, 0x0000000086400000|  0%| F|  |TAMS 0x0000000086300000| PB 0x0000000086300000| Untracked |  0
|  60|0x0000000086400000, 0x0000000086400000, 0x0000000086500000|  0%| F|  |TAMS 0x0000000086400000| PB 0x0000000086400000| Untracked |  0
|  61|0x0000000086500000, 0x0000000086500000, 0x0000000086600000|  0%| F|  |TAMS 0x0000000086500000| PB 0x0000000086500000| Untracked |  0
|  62|0x0000000086600000, 0x0000000086600000, 0x0000000086700000|  0%| F|  |TAMS 0x0000000086600000| PB 0x0000000086600000| Untracked |  0
|  63|0x0000000086700000, 0x0000000086700000, 0x0000000086800000|  0%| F|  |TAMS 0x0000000086700000| PB 0x0000000086700000| Untracked |  0
|  64|0x0000000086800000, 0x0000000086800000, 0x0000000086900000|  0%| F|  |TAMS 0x0000000086800000| PB 0x0000000086800000| Untracked |  0
|  65|0x0000000086900000, 0x0000000086900000, 0x0000000086a00000|  0%| F|  |TAMS 0x0000000086900000| PB 0x0000000086900000| Untracked |  0
|  66|0x0000000086a00000, 0x0000000086a00000, 0x0000000086b00000|  0%| F|  |TAMS 0x0000000086a00000| PB 0x0000000086a00000| Untracked |  0
|  67|0x0000000086b00000, 0x0000000086b00000, 0x0000000086c00000|  0%| F|  |TAMS 0x0000000086b00000| PB 0x0000000086b00000| Untracked |  0
|  68|0x0000000086c00000, 0x0000000086c00000, 0x0000000086d00000|  0%| F|  |TAMS 0x0000000086c00000| PB 0x0000000086c00000| Untracked |  0
|  69|0x0000000086d00000, 0x0000000086d00000, 0x0000000086e00000|  0%| F|  |TAMS 0x0000000086d00000| PB 0x0000000086d00000| Untracked |  0
|  70|0x0000000086e00000, 0x0000000086e00000, 0x0000000086f00000|  0%| F|  |TAMS 0x0000000086e00000| PB 0x0000000086e00000| Untracked |  0
|  71|0x0000000086f00000, 0x0000000086f00000, 0x0000000087000000|  0%| F|  |TAMS 0x0000000086f00000| PB 0x0000000086f00000| Untracked |  0
|  72|0x0000000087000000, 0x0000000087000000, 0x0000000087100000|  0%| F|  |TAMS 0x0000000087000000| PB 0x0000000087000000| Untracked |  0
|  73|0x0000000087100000, 0x0000000087100000, 0x0000000087200000|  0%| F|  |TAMS 0x0000000087100000| PB 0x0000000087100000| Untracked |  0
|  74|0x0000000087200000, 0x0000000087200000, 0x0000000087300000|  0%| F|  |TAMS 0x0000000087200000| PB 0x0000000087200000| Untracked |  0
|  75|0x0000000087300000, 0x0000000087300000, 0x0000000087400000|  0%| F|  |TAMS 0x0000000087300000| PB 0x0000000087300000| Untracked |  0
|  76|0x0000000087400000, 0x0000000087400000, 0x0000000087500000|  0%| F|  |TAMS 0x0000000087400000| PB 0x0000000087400000| Untracked |  0
|  77|0x0000000087500000, 0x0000000087500000, 0x0000000087600000|  0%| F|  |TAMS 0x0000000087500000| PB 0x0000000087500000| Untracked |  0
|  78|0x0000000087600000, 0x0000000087600000, 0x0000000087700000|  0%| F|  |TAMS 0x0000000087600000| PB 0x0000000087600000| Untracked |  0
|  79|0x0000000087700000, 0x0000000087700000, 0x0000000087800000|  0%| F|  |TAMS 0x0000000087700000| PB 0x0000000087700000| Untracked |  0
|  80|0x0000000087800000, 0x0000000087800000, 0x0000000087900000|  0%| F|  |TAMS 0x0000000087800000| PB 0x0000000087800000| Untracked |  0
|  81|0x0000000087900000, 0x0000000087900000, 0x0000000087a00000|  0%| F|  |TAMS 0x0000000087900000| PB 0x0000000087900000| Untracked |  0
|  82|0x0000000087a00000, 0x0000000087a00000, 0x0000000087b00000|  0%| F|  |TAMS 0x0000000087a00000| PB 0x0000000087a00000| Untracked |  0
|  83|0x0000000087b00000, 0x0000000087b00000, 0x0000000087c00000|  0%| F|  |TAMS 0x0000000087b00000| PB 0x0000000087b00000| Untracked |  0
|  84|0x0000000087c00000, 0x0000000087c00000, 0x0000000087d00000|  0%| F|  |TAMS 0x0000000087c00000| PB 0x0000000087c00000| Untracked |  0
|  85|0x0000000087d00000, 0x0000000087d00000, 0x0000000087e00000|  0%| F|  |TAMS 0x0000000087d00000| PB 0x0000000087d00000| Untracked |  0
|  86|0x0000000087e00000, 0x0000000087e00000, 0x0000000087f00000|  0%| F|  |TAMS 0x0000000087e00000| PB 0x0000000087e00000| Untracked |  0
|  87|0x0000000087f00000, 0x0000000087f00000, 0x0000000088000000|  0%| F|  |TAMS 0x0000000087f00000| PB 0x0000000087f00000| Untracked |  0
|  88|0x0000000088000000, 0x0000000088000000, 0x0000000088100000|  0%| F|  |TAMS 0x0000000088000000| PB 0x0000000088000000| Untracked |  0
|  89|0x0000000088100000, 0x0000000088100000, 0x0000000088200000|  0%| F|  |TAMS 0x0000000088100000| PB 0x0000000088100000| Untracked |  0
|  90|0x0000000088200000, 0x0000000088200000, 0x0000000088300000|  0%| F|  |TAMS 0x0000000088200000| PB 0x0000000088200000| Untracked |  0
|  91|0x0000000088300000, 0x0000000088300000, 0x0000000088400000|  0%| F|  |TAMS 0x0000000088300000| PB 0x0000000088300000| Untracked |  0
|  92|0x0000000088400000, 0x0000000088400000, 0x0000000088500000|  0%| F|  |TAMS 0x0000000088400000| PB 0x0000000088400000| Untracked |  0
|  93|0x0000000088500000, 0x0000000088500000, 0x0000000088600000|  0%| F|  |TAMS 0x0000000088500000| PB 0x0000000088500000| Untracked |  0
|  94|0x0000000088600000, 0x0000000088600000, 0x0000000088700000|  0%| F|  |TAMS 0x0000000088600000| PB 0x0000000088600000| Untracked |  0
|  95|0x0000000088700000, 0x0000000088700000, 0x0000000088800000|  0%| F|  |TAMS 0x0000000088700000| PB 0x0000000088700000| Untracked |  0
|  96|0x0000000088800000, 0x0000000088800000, 0x0000000088900000|  0%| F|  |TAMS 0x0000000088800000| PB 0x0000000088800000| Untracked |  0
|  97|0x0000000088900000, 0x0000000088900000, 0x0000000088a00000|  0%| F|  |TAMS 0x0000000088900000| PB 0x0000000088900000| Untracked |  0
|  98|0x0000000088a00000, 0x0000000088a00000, 0x0000000088b00000|  0%| F|  |TAMS 0x0000000088a00000| PB 0x0000000088a00000| Untracked |  0
|  99|0x0000000088b00000, 0x0000000088b00000, 0x0000000088c00000|  0%| F|  |TAMS 0x0000000088b00000| PB 0x0000000088b00000| Untracked |  0
| 100|0x0000000088c00000, 0x0000000088c00000, 0x0000000088d00000|  0%| F|  |TAMS 0x0000000088c00000| PB 0x0000000088c00000| Untracked |  0
| 101|0x0000000088d00000, 0x0000000088d00000, 0x0000000088e00000|  0%| F|  |TAMS 0x0000000088d00000| PB 0x0000000088d00000| Untracked |  0
| 102|0x0000000088e00000, 0x0000000088e00000, 0x0000000088f00000|  0%| F|  |TAMS 0x0000000088e00000| PB 0x0000000088e00000| Untracked |  0
| 103|0x0000000088f00000, 0x0000000088f00000, 0x0000000089000000|  0%| F|  |TAMS 0x0000000088f00000| PB 0x0000000088f00000| Untracked |  0
| 104|0x0000000089000000, 0x0000000089000000, 0x0000000089100000|  0%| F|  |TAMS 0x0000000089000000| PB 0x0000000089000000| Untracked |  0
| 105|0x0000000089100000, 0x0000000089100000, 0x0000000089200000|  0%| F|  |TAMS 0x0000000089100000| PB 0x0000000089100000| Untracked |  0
| 106|0x0000000089200000, 0x0000000089200000, 0x0000000089300000|  0%| F|  |TAMS 0x0000000089200000| PB 0x0000000089200000| Untracked |  0
| 107|0x0000000089300000, 0x0000000089300000, 0x0000000089400000|  0%| F|  |TAMS 0x0000000089300000| PB 0x0000000089300000| Untracked |  0
| 108|0x0000000089400000, 0x0000000089400000, 0x0000000089500000|  0%| F|  |TAMS 0x0000000089400000| PB 0x0000000089400000| Untracked |  0
| 109|0x0000000089500000, 0x0000000089500000, 0x0000000089600000|  0%| F|  |TAMS 0x0000000089500000| PB 0x0000000089500000| Untracked |  0
| 110|0x0000000089600000, 0x0000000089600000, 0x0000000089700000|  0%| F|  |TAMS 0x0000000089600000| PB 0x0000000089600000| Untracked |  0
| 111|0x0000000089700000, 0x0000000089700000, 0x0000000089800000|  0%| F|  |TAMS 0x0000000089700000| PB 0x0000000089700000| Untracked |  0
| 112|0x0000000089800000, 0x0000000089800000, 0x0000000089900000|  0%| F|  |TAMS 0x0000000089800000| PB 0x0000000089800000| Untracked |  0
| 113|0x0000000089900000, 0x0000000089900000, 0x0000000089a00000|  0%| F|  |TAMS 0x0000000089900000| PB 0x0000000089900000| Untracked |  0
| 114|0x0000000089a00000, 0x0000000089a00000, 0x0000000089b00000|  0%| F|  |TAMS 0x0000000089a00000| PB 0x0000000089a00000| Untracked |  0
| 115|0x0000000089b00000, 0x0000000089b00000, 0x0000000089c00000|  0%| F|  |TAMS 0x0000000089b00000| PB 0x0000000089b00000| Untracked |  0
| 116|0x0000000089c00000, 0x0000000089c00000, 0x0000000089d00000|  0%| F|  |TAMS 0x0000000089c00000| PB 0x0000000089c00000| Untracked |  0
| 117|0x0000000089d00000, 0x0000000089da3508, 0x0000000089e00000| 63%| E|  |TAMS 0x0000000089d00000| PB 0x0000000089d00000| Complete |  0
| 118|0x0000000089e00000, 0x0000000089f00000, 0x0000000089f00000|100%| E|CS|TAMS 0x0000000089e00000| PB 0x0000000089e00000| Complete |  0
| 119|0x0000000089f00000, 0x000000008a000000, 0x000000008a000000|100%| E|CS|TAMS 0x0000000089f00000| PB 0x0000000089f00000| Complete |  0
| 120|0x000000008a000000, 0x000000008a100000, 0x000000008a100000|100%| E|CS|TAMS 0x000000008a000000| PB 0x000000008a000000| Complete |  0
| 121|0x000000008a100000, 0x000000008a200000, 0x000000008a200000|100%| E|CS|TAMS 0x000000008a100000| PB 0x000000008a100000| Complete |  0
| 122|0x000000008a200000, 0x000000008a300000, 0x000000008a300000|100%| E|  |TAMS 0x000000008a200000| PB 0x000000008a200000| Complete |  0
| 123|0x000000008a300000, 0x000000008a400000, 0x000000008a400000|100%| E|CS|TAMS 0x000000008a300000| PB 0x000000008a300000| Complete |  0
| 124|0x000000008a400000, 0x000000008a500000, 0x000000008a500000|100%| E|CS|TAMS 0x000000008a400000| PB 0x000000008a400000| Complete |  0
| 125|0x000000008a500000, 0x000000008a600000, 0x000000008a600000|100%| E|CS|TAMS 0x000000008a500000| PB 0x000000008a500000| Complete |  0

Card table byte_map: [0x0000022050630000,0x0000022050a20000] _byte_map_base: 0x000002205021c000

Marking Bits: (CMBitMap*) 0x000002203d5631e0
 Bits: [0x0000022050a20000, 0x0000022052980000)

Polling page: 0x000002203b4f0000

Metaspace:

Usage:
  Non-class:      1.14 MB used.
      Class:    137.02 KB used.
       Both:      1.27 MB used.

Virtual space:
  Non-class space:       64.00 MB reserved,       1.25 MB (  2%) committed,  1 nodes.
      Class space:        1.00 GB reserved,     192.00 KB ( <1%) committed,  1 nodes.
             Both:        1.06 GB reserved,       1.44 MB ( <1%) committed. 

Chunk freelists:
   Non-Class:  11.93 MB
       Class:  15.73 MB
        Both:  27.66 MB

MaxMetaspaceSize: unlimited
CompressedClassSpaceSize: 1.00 GB
Initial GC threshold: 21.00 MB
Current GC threshold: 21.00 MB
CDS: on
 - commit_granule_bytes: 65536.
 - commit_granule_words: 8192.
 - virtual_space_node_default_size: 8388608.
 - enlarge_chunks_in_place: 1.
 - use_allocation_guard: 0.


Internal statistics:

num_allocs_failed_limit: 0.
num_arena_births: 22.
num_arena_deaths: 0.
num_vsnodes_births: 2.
num_vsnodes_deaths: 0.
num_space_committed: 23.
num_space_uncommitted: 0.
num_chunks_returned_to_freelist: 0.
num_chunks_taken_from_freelist: 29.
num_chunk_merges: 0.
num_chunk_splits: 18.
num_chunks_enlarged: 11.
num_inconsistent_stats: 0.

CodeHeap 'non-profiled nmethods': size=120064Kb used=144Kb max_used=144Kb free=119920Kb
 bounds [0x0000022048d00000, 0x0000022048f70000, 0x0000022050240000]
CodeHeap 'profiled nmethods': size=120000Kb used=518Kb max_used=518Kb free=119481Kb
 bounds [0x0000022041240000, 0x00000220414b0000, 0x0000022048770000]
CodeHeap 'non-nmethods': size=5696Kb used=1316Kb max_used=1329Kb free=4379Kb
 bounds [0x0000022048770000, 0x00000220489e0000, 0x0000022048d00000]
CodeCache: size=245760Kb, used=1978Kb, max_used=1991Kb, free=243780Kb
 total_blobs=943, nmethods=509, adapters=340, full_count=0
Compilation: enabled, stopped_count=0, restarted_count=0

Compilation events (20 events):
Event: 0.147 Thread 0x0000022054e712a0  411       3       java.util.HashMap::putIfAbsent (13 bytes)
Event: 0.147 Thread 0x0000022054e712a0 nmethod 411 0x00000220412ab608 code [0x00000220412ab740, 0x00000220412aba40]
Event: 0.147 Thread 0x0000022054e712a0  412       3       java.util.ImmutableCollections$Set12::contains (28 bytes)
Event: 0.148 Thread 0x0000022054e712a0 nmethod 412 0x00000220412aba88 code [0x00000220412abbc0, 0x00000220412abef8]
Event: 0.148 Thread 0x0000022054e712a0  399       1       java.lang.module.ModuleDescriptor::requires (5 bytes)
Event: 0.148 Thread 0x0000022054e712a0 nmethod 399 0x0000022048d1bd08 code [0x0000022048d1be20, 0x0000022048d1bee8]
Event: 0.148 Thread 0x0000022054e712a0  413       1       java.lang.module.ModuleDescriptor::provides (5 bytes)
Event: 0.148 Thread 0x0000022054e712a0 nmethod 413 0x0000022048d1c008 code [0x0000022048d1c120, 0x0000022048d1c1e8]
Event: 0.148 Thread 0x0000022054e712a0  416       3       java.util.HashMap::<init> (11 bytes)
Event: 0.149 Thread 0x0000022054e712a0 nmethod 416 0x00000220412abf08 code [0x00000220412ac020, 0x00000220412ac1f0]
Event: 0.149 Thread 0x0000022054e712a0  417       3       java.lang.module.ResolvedModule::descriptor (8 bytes)
Event: 0.149 Thread 0x0000022054e712a0 nmethod 417 0x00000220412ac288 code [0x00000220412ac3a0, 0x00000220412ac4d0]
Event: 0.149 Thread 0x0000022054e712a0  418       3       java.util.HashSet::iterator (13 bytes)
Event: 0.149 Thread 0x0000022054e712a0 nmethod 418 0x00000220412ac588 code [0x00000220412ac6c0, 0x00000220412ac958]
Event: 0.149 Thread 0x0000022054e712a0  419       1       java.lang.module.ModuleDescriptor::exports (5 bytes)
Event: 0.149 Thread 0x0000022054e712a0 nmethod 419 0x0000022048d1c308 code [0x0000022048d1c420, 0x0000022048d1c4e8]
Event: 0.150 Thread 0x0000022054e712a0  420       1       java.util.KeyValueHolder::getKey (5 bytes)
Event: 0.150 Thread 0x0000022054e712a0 nmethod 420 0x0000022048d1c608 code [0x0000022048d1c720, 0x0000022048d1c7e8]
Event: 0.150 Thread 0x0000022054e712a0  421       1       java.util.KeyValueHolder::getValue (5 bytes)
Event: 0.150 Thread 0x0000022054e712a0 nmethod 421 0x0000022048d1c908 code [0x0000022048d1ca20, 0x0000022048d1cae8]

GC Heap History (0 events):
No events

Dll operation events (5 events):
Event: 0.007 Loaded shared library C:\Users\ivanr\.p2\pool\plugins\org.eclipse.justj.openjdk.hotspot.jre.full.win32.x86_64_23.0.2.v20250131-0604\jre\bin\java.dll
Event: 0.053 Loaded shared library C:\Users\ivanr\.p2\pool\plugins\org.eclipse.justj.openjdk.hotspot.jre.full.win32.x86_64_23.0.2.v20250131-0604\jre\bin\net.dll
Event: 0.055 Loaded shared library C:\Users\ivanr\.p2\pool\plugins\org.eclipse.justj.openjdk.hotspot.jre.full.win32.x86_64_23.0.2.v20250131-0604\jre\bin\nio.dll
Event: 0.055 Loaded shared library C:\Users\ivanr\.p2\pool\plugins\org.eclipse.justj.openjdk.hotspot.jre.full.win32.x86_64_23.0.2.v20250131-0604\jre\bin\zip.dll
Event: 0.075 Loaded shared library C:\Users\ivanr\.p2\pool\plugins\org.eclipse.justj.openjdk.hotspot.jre.full.win32.x86_64_23.0.2.v20250131-0604\jre\bin\zip.dll

Deoptimization events (10 events):
Event: 0.123 Thread 0x000002203b1ada50 DEOPT PACKING pc=0x0000022041288657 sp=0x000000d37fafdc90
Event: 0.123 Thread 0x000002203b1ada50 DEOPT UNPACKING pc=0x00000220487c4b22 sp=0x000000d37fafd120 mode 0
Event: 0.150 Thread 0x000002203b1ada50 Uncommon trap: trap_request=0xffffff45 fr.pc=0x0000022048d17618 relative=0x0000000000000658
Event: 0.150 Thread 0x000002203b1ada50 Uncommon trap: reason=unstable_if action=reinterpret pc=0x0000022048d17618 method=java.lang.StringLatin1.newString([BII)Ljava/lang/String; @ 1 c2
Event: 0.150 Thread 0x000002203b1ada50 DEOPT PACKING pc=0x0000022048d17618 sp=0x000000d37fafea50
Event: 0.150 Thread 0x000002203b1ada50 DEOPT UNPACKING pc=0x00000220487c4402 sp=0x000000d37fafe9b0 mode 2
Event: 0.151 Thread 0x000002203b1ada50 Uncommon trap: trap_request=0xffffff45 fr.pc=0x0000022048d16600 relative=0x0000000000000540
Event: 0.151 Thread 0x000002203b1ada50 Uncommon trap: reason=unstable_if action=reinterpret pc=0x0000022048d16600 method=java.lang.StringLatin1.newString([BII)Ljava/lang/String; @ 1 c2
Event: 0.151 Thread 0x000002203b1ada50 DEOPT PACKING pc=0x0000022048d16600 sp=0x000000d37fafe9d0
Event: 0.151 Thread 0x000002203b1ada50 DEOPT UNPACKING pc=0x00000220487c4402 sp=0x000000d37fafe9b0 mode 2

Classes loaded (20 events):
Event: 0.065 Loading class java/nio/file/DirectoryStream done
Event: 0.065 Loading class sun/nio/fs/WindowsDirectoryStream done
Event: 0.065 Loading class java/nio/file/FileTreeWalker$DirectoryNode
Event: 0.065 Loading class java/nio/file/FileTreeWalker$DirectoryNode done
Event: 0.065 Loading class sun/nio/fs/WindowsDirectoryStream$WindowsDirectoryIterator
Event: 0.065 Loading class sun/nio/fs/WindowsDirectoryStream$WindowsDirectoryIterator done
Event: 0.065 Loading class java/nio/file/FileTreeWalker$Event
Event: 0.066 Loading class java/nio/file/FileTreeWalker$Event done
Event: 0.066 Loading class java/nio/file/FileTreeWalker$EventType
Event: 0.066 Loading class java/nio/file/FileTreeWalker$EventType done
Event: 0.071 Loading class sun/nio/fs/WindowsPath$WindowsPathWithAttributes
Event: 0.071 Loading class sun/nio/fs/BasicFileAttributesHolder
Event: 0.071 Loading class sun/nio/fs/BasicFileAttributesHolder done
Event: 0.071 Loading class sun/nio/fs/WindowsPath$WindowsPathWithAttributes done
Event: 0.099 Loading class java/util/WeakHashMap$KeyIterator
Event: 0.099 Loading class java/util/WeakHashMap$HashIterator
Event: 0.099 Loading class java/util/WeakHashMap$HashIterator done
Event: 0.099 Loading class java/util/WeakHashMap$KeyIterator done
Event: 0.145 Loading class jdk/internal/module/ModuleReferenceImpl$CachedHash
Event: 0.145 Loading class jdk/internal/module/ModuleReferenceImpl$CachedHash done

Classes unloaded (0 events):
No events

Classes redefined (0 events):
No events

Internal exceptions (2 events):
Event: 0.066 Thread 0x000002203b1ada50 Exception <a 'java/lang/NoSuchMethodError'{0x000000008a446570}: 'void java.lang.invoke.DirectMethodHandle$Holder.invokeVirtual(java.lang.Object, java.lang.Object)'> (0x000000008a446570) 
thrown [s\src\hotspot\share\interpreter\linkResolver.cpp, line 796]
Event: 0.068 Thread 0x000002203b1ada50 Exception <a 'java/lang/NoSuchMethodError'{0x000000008a499890}: 'java.lang.Object java.lang.invoke.DirectMethodHandle$Holder.invokeInterface(java.lang.Object, java.lang.Object, java.lang.Object)'> (0x000000008a499890) 
thrown [s\src\hotspot\share\interpreter\linkResolver.cpp, line 796]

VM Operations (2 events):
Event: 0.145 Executing VM operation: HandshakeAllThreads (Deoptimize)
Event: 0.145 Executing VM operation: HandshakeAllThreads (Deoptimize) done

Memory protections (0 events):
No events

Nmethod flushes (0 events):
No events

Events (11 events):
Event: 0.020 Thread 0x000002203b1ada50 Thread added: 0x000002203b1ada50
Event: 0.030 Thread 0x000002203b1ada50 Thread added: 0x0000022054e3cc60
Event: 0.030 Thread 0x000002203b1ada50 Thread added: 0x0000022054e3dcd0
Event: 0.030 Thread 0x000002203b1ada50 Thread added: 0x0000022054e41e20
Event: 0.030 Thread 0x000002203b1ada50 Thread added: 0x0000022054e44890
Event: 0.030 Thread 0x000002203b1ada50 Thread added: 0x0000022054e46c50
Event: 0.030 Thread 0x000002203b1ada50 Thread added: 0x0000022054e4baf0
Event: 0.030 Thread 0x000002203b1ada50 Thread added: 0x0000022054e6c890
Event: 0.031 Thread 0x000002203b1ada50 Thread added: 0x0000022054e712a0
Event: 0.048 Thread 0x000002203b1ada50 Thread added: 0x000002209a0ba790
Event: 0.098 Thread 0x0000022054e6c890 Thread added: 0x000002209a1d34b0


Dynamic libraries:
0x00007ff63d9f0000 - 0x00007ff63d9fe000 	C:\Users\ivanr\.p2\pool\plugins\org.eclipse.justj.openjdk.hotspot.jre.full.win32.x86_64_23.0.2.v20250131-0604\jre\bin\javaw.exe
0x00007ffe2bcb0000 - 0x00007ffe2bec7000 	C:\WINDOWS\SYSTEM32\ntdll.dll
0x00007ffe2b6f0000 - 0x00007ffe2b7b4000 	C:\WINDOWS\System32\KERNEL32.DLL
0x00007ffe29370000 - 0x00007ffe29742000 	C:\WINDOWS\System32\KERNELBASE.dll
0x00007ffe29220000 - 0x00007ffe29331000 	C:\WINDOWS\System32\ucrtbase.dll
0x00007ffe22ba0000 - 0x00007ffe22bb7000 	C:\Users\ivanr\.p2\pool\plugins\org.eclipse.justj.openjdk.hotspot.jre.full.win32.x86_64_23.0.2.v20250131-0604\jre\bin\jli.dll
0x00007ffe13c30000 - 0x00007ffe13c4e000 	C:\Users\ivanr\.p2\pool\plugins\org.eclipse.justj.openjdk.hotspot.jre.full.win32.x86_64_23.0.2.v20250131-0604\jre\bin\VCRUNTIME140.dll
0x00007ffe2a4d0000 - 0x00007ffe2a681000 	C:\WINDOWS\System32\USER32.dll
0x00007ffe29340000 - 0x00007ffe29366000 	C:\WINDOWS\System32\win32u.dll
0x00007ffe15f40000 - 0x00007ffe161db000 	C:\WINDOWS\WinSxS\amd64_microsoft.windows.common-controls_6595b64144ccf1df_6.0.22621.5547_none_27104afb73855772\COMCTL32.dll
0x00007ffe2b8b0000 - 0x00007ffe2b8d9000 	C:\WINDOWS\System32\GDI32.dll
0x00007ffe2b8e0000 - 0x00007ffe2b987000 	C:\WINDOWS\System32\msvcrt.dll
0x00007ffe28da0000 - 0x00007ffe28ec3000 	C:\WINDOWS\System32\gdi32full.dll
0x00007ffe28ed0000 - 0x00007ffe28f6a000 	C:\WINDOWS\System32\msvcp_win.dll
0x00007ffe2ae50000 - 0x00007ffe2ae81000 	C:\WINDOWS\System32\IMM32.DLL
0x00007ffe1f350000 - 0x00007ffe1f35c000 	C:\Users\ivanr\.p2\pool\plugins\org.eclipse.justj.openjdk.hotspot.jre.full.win32.x86_64_23.0.2.v20250131-0604\jre\bin\vcruntime140_1.dll
0x00007ffdf5fe0000 - 0x00007ffdf606d000 	C:\Users\ivanr\.p2\pool\plugins\org.eclipse.justj.openjdk.hotspot.jre.full.win32.x86_64_23.0.2.v20250131-0604\jre\bin\msvcp140.dll
0x00007ffd80890000 - 0x00007ffd8165e000 	C:\Users\ivanr\.p2\pool\plugins\org.eclipse.justj.openjdk.hotspot.jre.full.win32.x86_64_23.0.2.v20250131-0604\jre\bin\server\jvm.dll
0x00007ffe2b9b0000 - 0x00007ffe2ba61000 	C:\WINDOWS\System32\ADVAPI32.dll
0x00007ffe2afa0000 - 0x00007ffe2b048000 	C:\WINDOWS\System32\sechost.dll
0x00007ffe29910000 - 0x00007ffe29938000 	C:\WINDOWS\System32\bcrypt.dll
0x00007ffe2b400000 - 0x00007ffe2b514000 	C:\WINDOWS\System32\RPCRT4.dll
0x00007ffe2a710000 - 0x00007ffe2a781000 	C:\WINDOWS\System32\WS2_32.dll
0x00007ffe28c70000 - 0x00007ffe28cbd000 	C:\WINDOWS\SYSTEM32\POWRPROF.dll
0x00007ffe21470000 - 0x00007ffe214a4000 	C:\WINDOWS\SYSTEM32\WINMM.dll
0x00007ffe19910000 - 0x00007ffe1991a000 	C:\WINDOWS\SYSTEM32\VERSION.dll
0x00007ffe28c50000 - 0x00007ffe28c63000 	C:\WINDOWS\SYSTEM32\UMPDC.dll
0x00007ffe27d90000 - 0x00007ffe27da8000 	C:\WINDOWS\SYSTEM32\kernel.appcore.dll
0x00007ffe13c10000 - 0x00007ffe13c1a000 	C:\Users\ivanr\.p2\pool\plugins\org.eclipse.justj.openjdk.hotspot.jre.full.win32.x86_64_23.0.2.v20250131-0604\jre\bin\jimage.dll
0x00007ffe26790000 - 0x00007ffe269c3000 	C:\WINDOWS\SYSTEM32\DBGHELP.DLL
0x00007ffe2b050000 - 0x00007ffe2b3e3000 	C:\WINDOWS\System32\combase.dll
0x00007ffe2b7d0000 - 0x00007ffe2b8a7000 	C:\WINDOWS\System32\OLEAUT32.dll
0x00007ffe00110000 - 0x00007ffe00142000 	C:\WINDOWS\SYSTEM32\dbgcore.DLL
0x00007ffe290e0000 - 0x00007ffe2915b000 	C:\WINDOWS\System32\bcryptPrimitives.dll
0x00007ffe01130000 - 0x00007ffe0114e000 	C:\Users\ivanr\.p2\pool\plugins\org.eclipse.justj.openjdk.hotspot.jre.full.win32.x86_64_23.0.2.v20250131-0604\jre\bin\java.dll
0x00007ffe2a330000 - 0x00007ffe2a4d0000 	C:\WINDOWS\System32\ole32.dll
0x00007ffe299f0000 - 0x00007ffe2a292000 	C:\WINDOWS\System32\SHELL32.dll
0x00007ffe297d0000 - 0x00007ffe2990f000 	C:\WINDOWS\System32\wintypes.dll
0x00007ffe26c80000 - 0x00007ffe2759d000 	C:\WINDOWS\SYSTEM32\windows.storage.dll
0x00007ffe2ae90000 - 0x00007ffe2af9c000 	C:\WINDOWS\System32\SHCORE.dll
0x00007ffe2bb90000 - 0x00007ffe2bbf9000 	C:\WINDOWS\System32\shlwapi.dll
0x00007ffe28cd0000 - 0x00007ffe28cfb000 	C:\WINDOWS\SYSTEM32\profapi.dll
0x00007ffe08c50000 - 0x00007ffe08c60000 	C:\Users\ivanr\.p2\pool\plugins\org.eclipse.justj.openjdk.hotspot.jre.full.win32.x86_64_23.0.2.v20250131-0604\jre\bin\net.dll
0x00007ffe28210000 - 0x00007ffe28279000 	C:\WINDOWS\system32\mswsock.dll
0x00007ffdfefb0000 - 0x00007ffdfefc6000 	C:\Users\ivanr\.p2\pool\plugins\org.eclipse.justj.openjdk.hotspot.jre.full.win32.x86_64_23.0.2.v20250131-0604\jre\bin\nio.dll
0x00007ffdff040000 - 0x00007ffdff057000 	C:\Users\ivanr\.p2\pool\plugins\org.eclipse.justj.openjdk.hotspot.jre.full.win32.x86_64_23.0.2.v20250131-0604\jre\bin\zip.dll

dbghelp: loaded successfully - version: 4.0.5 - missing functions: none
symbol engine: initialized successfully - sym options: 0x614 - pdb path: .;C:\Users\ivanr\.p2\pool\plugins\org.eclipse.justj.openjdk.hotspot.jre.full.win32.x86_64_23.0.2.v20250131-0604\jre\bin;C:\WINDOWS\SYSTEM32;C:\WINDOWS\WinSxS\amd64_microsoft.windows.common-controls_6595b64144ccf1df_6.0.22621.5547_none_27104afb73855772;C:\Users\ivanr\.p2\pool\plugins\org.eclipse.justj.openjdk.hotspot.jre.full.win32.x86_64_23.0.2.v20250131-0604\jre\bin\server

VM Arguments:
jvm_args: -Dfile.encoding=UTF-8 -Dstdout.encoding=UTF-8 -Dstderr.encoding=UTF-8 --module-path=D:\Eclipse\RQPH\bin;C:\Users\ivanr\.p2\pool\plugins\org.eclipse.fx.ide.css.jfx8_3.8.0.202204150904.jar;D:\Eclipse\javafx-sdk-25.0.1\lib\javafx.base.jar;D:\Eclipse\javafx-sdk-25.0.1\lib\javafx.controls.jar;D:\Eclipse\javafx-sdk-25.0.1\lib\javafx.fxml.jar;D:\Eclipse\javafx-sdk-25.0.1\lib\javafx.graphics.jar;D:\Eclipse\javafx-sdk-25.0.1\lib\javafx.media.jar;D:\Eclipse\javafx-sdk-25.0.1\lib\javafx.swing.jar;D:\Eclipse\javafx-sdk-25.0.1\lib\javafx.web.jar;D:\Eclipse\javafx-sdk-25.0.1\lib\javafx-swt.jar;D:\Eclipse\javafx-sdk-25.0.1\lib\jdk.jsobject.jar;D:\Eclipse\javafx-sdk-25.0.1\lib\jfx.incubator.input.jar;D:\Eclipse\javafx-sdk-25.0.1\lib\jfx.incubator.richtext.jar -XX:+ShowCodeDetailsInExceptionMessages -Djdk.module.main=RQPH 
java_command: RQPH/application.Main
java_class_path (initial): <not set>
Launcher Type: SUN_STANDARD

[Global flags]
     intx CICompilerCount                          = 3                                         {product} {ergonomic}
     uint ConcGCThreads                            = 1                                         {product} {ergonomic}
     uint G1ConcRefinementThreads                  = 4                                         {product} {ergonomic}
   size_t G1HeapRegionSize                         = 1048576                                   {product} {ergonomic}
   size_t InitialHeapSize                          = 132120576                                 {product} {ergonomic}
   size_t MarkStackSize                            = 4194304                                   {product} {ergonomic}
   size_t MarkStackSizeMax                         = 536870912                                 {product} {ergonomic}
   size_t MaxHeapSize                              = 2105540608                                {product} {ergonomic}
   size_t MaxNewSize                               = 1262485504                                {product} {ergonomic}
   size_t MinHeapDeltaBytes                        = 1048576                                   {product} {ergonomic}
   size_t MinHeapSize                              = 8388608                                   {product} {ergonomic}
    uintx NonNMethodCodeHeapSize                   = 5832704                                {pd product} {ergonomic}
    uintx NonProfiledCodeHeapSize                  = 122945536                              {pd product} {ergonomic}
    uintx ProfiledCodeHeapSize                     = 122880000                              {pd product} {ergonomic}
    uintx ReservedCodeCacheSize                    = 251658240                              {pd product} {ergonomic}
     bool SegmentedCodeCache                       = true                                      {product} {ergonomic}
     bool ShowCodeDetailsInExceptionMessages       = true                                   {manageable} {command line}
   size_t SoftMaxHeapSize                          = 2105540608                             {manageable} {ergonomic}
     bool UseCompressedOops                        = true                           {product lp64_product} {ergonomic}
     bool UseG1GC                                  = true                                      {product} {ergonomic}
     bool UseLargePagesIndividualAllocation        = false                                  {pd product} {ergonomic}

Logging:
Log output configuration:
 #0: stdout all=warning uptime,level,tags foldmultilines=false
 #1: stderr all=off uptime,level,tags foldmultilines=false

Environment Variables:
PATH=C:/Users/ivanr/.p2/pool/plugins/org.eclipse.justj.openjdk.hotspot.jre.full.win32.x86_64_23.0.2.v20250131-0604/jre/bin/server;C:/Users/ivanr/.p2/pool/plugins/org.eclipse.justj.openjdk.hotspot.jre.full.win32.x86_64_23.0.2.v20250131-0604/jre/bin;C:\Program Files\Eclipse Adoptium\jdk-21.0.8.9-hotspot\bin;C:\WINDOWS\system32;C:\WINDOWS;C:\WINDOWS\System32\Wbem;C:\WINDOWS\System32\WindowsPowerShell\v1.0\;C:\WINDOWS\System32\OpenSSH\;C:\Users\ivanr\AppData\Local\Microsoft\WindowsApps;D:\cursor\resources\app\bin;C:\Users\ivanr\AppData\Local\Programs\Microsoft VS Code\bin;C:\WINDOWS\system32;
USERNAME=ivanr
OS=Windows_NT
PROCESSOR_IDENTIFIER=Intel64 Family 6 Model 142 Stepping 12, GenuineIntel
TMP=C:\Users\ivanr\AppData\Local\Temp
TEMP=C:\Users\ivanr\AppData\Local\Temp




Periodic native trim disabled

---------------  S Y S T E M  ---------------

OS:
 Windows 11 , 64 bit Build 22621 (10.0.22621.5415)
OS uptime: 7 days 5:21 hours
Hyper-V role detected

CPU: total 4 (initial active 4) (2 cores per cpu, 2 threads per core) family 6 model 142 stepping 12 microcode 0xde, cx8, cmov, fxsr, ht, mmx, 3dnowpref, sse, sse2, sse3, ssse3, sse4.1, sse4.2, popcnt, lzcnt, tsc, tscinvbit, avx, avx2, aes, erms, clmul, bmi1, bmi2, adx, fma, vzeroupper, clflush, clflushopt, hv, rdtscp, f16c
Processor Information for the first 4 processors :
  Max Mhz: 2592, Current Mhz: 2592, Mhz Limit: 2073

Memory: 4k page, system-wide physical 8025M (622M free)
TotalPageFile size 23385M (AvailPageFile size 1M)
current process WorkingSet (physical memory assigned to process): 54M, peak: 54M
current process commit charge ("private bytes"): 207M, peak: 207M

vm_info: OpenJDK 64-Bit Server VM (23.0.2+7) for windows-amd64 JRE (23.0.2+7), built on 2025-01-21T00:00:00Z with MS VC++ 17.7 (VS2022)

END.
