#
# There is insufficient memory for the Java Runtime Environment to continue.
# Native memory allocation (mmap) failed to map 132120576 bytes. Error detail: G1 virtual space
# Possible reasons:
#   The system is out of physical RAM or swap space
#   This process is running with CompressedOops enabled, and the Java Heap may be blocking the growth of the native heap
# Possible solutions:
#   Reduce memory load on the system
#   Increase physical memory or swap space
#   Check if swap backing store is full
#   Decrease Java heap size (-Xmx/-Xms)
#   Decrease number of Java threads
#   Decrease Java thread stack sizes (-Xss)
#   Set larger code cache with -XX:ReservedCodeCacheSize=
#   JVM is running with Unscaled Compressed Oops mode in which the Java heap is
#     placed in the first 4GB address space. The Java Heap base address is the
#     maximum limit for the native heap growth. Please use -XX:HeapBaseMinAddress
#     to set the Java Heap base and to place the Java Heap above 4GB virtual address.
# This output file may be truncated or incomplete.
#
#  Out of Memory Error (os_windows.cpp:3707), pid=15448, tid=18496
#
# JRE version:  (23.0.2+7) (build )
# Java VM: OpenJDK 64-Bit Server VM (23.0.2+7, mixed mode, sharing, tiered, compressed oops, compressed class ptrs, g1 gc, windows-amd64)
# No core dump will be written. Minidumps are not enabled by default on client versions of Windows
#

---------------  S U M M A R Y ------------

Command Line: -Dfile.encoding=UTF-8 -Dstdout.encoding=UTF-8 -Dstderr.encoding=UTF-8 --module-path=D:\Eclipse\RQPH\bin;C:\Users\ivanr\.p2\pool\plugins\org.eclipse.fx.ide.css.jfx8_3.8.0.202204150904.jar;D:\Eclipse\javafx-sdk-25.0.1\lib\javafx.base.jar;D:\Eclipse\javafx-sdk-25.0.1\lib\javafx.controls.jar;D:\Eclipse\javafx-sdk-25.0.1\lib\javafx.fxml.jar;D:\Eclipse\javafx-sdk-25.0.1\lib\javafx.graphics.jar;D:\Eclipse\javafx-sdk-25.0.1\lib\javafx.media.jar;D:\Eclipse\javafx-sdk-25.0.1\lib\javafx.swing.jar;D:\Eclipse\javafx-sdk-25.0.1\lib\javafx.web.jar;D:\Eclipse\javafx-sdk-25.0.1\lib\javafx-swt.jar;D:\Eclipse\javafx-sdk-25.0.1\lib\jdk.jsobject.jar;D:\Eclipse\javafx-sdk-25.0.1\lib\jfx.incubator.input.jar;D:\Eclipse\javafx-sdk-25.0.1\lib\jfx.incubator.richtext.jar -XX:+ShowCodeDetailsInExceptionMessages -Djdk.module.main=RQPH RQPH/application.Main

Host: Intel(R) Core(TM) i3-10110U CPU @ 2.10GHz, 4 cores, 7G,  Windows 11 , 64 bit Build 22621 (10.0.22621.5415)
Time: Tue Nov 11 17:07:21 2025 Malay Peninsula Standard Time elapsed time: 0.015567 seconds (0d 0h 0m 0s)

---------------  T H R E A D  ---------------

Current thread (0x000001e80e059fd0):  JavaThread "Unknown thread" [_thread_in_vm, id=18496, stack(0x0000000fea900000,0x0000000feaa00000) (1024K)]

Stack: [0x0000000fea900000,0x0000000feaa00000]
Native frames: (J=compiled Java code, j=interpreted, Vv=VM code, C=native code)
V  [jvm.dll+0x6e8fa9]  (no source info available)
V  [jvm.dll+0x8d96b3]  (no source info available)
V  [jvm.dll+0x8dbb3e]  (no source info available)
V  [jvm.dll+0x8dc213]  (no source info available)
V  [jvm.dll+0x281bc6]  (no source info available)
V  [jvm.dll+0x6e5885]  (no source info available)
V  [jvm.dll+0x6d980a]  (no source info available)
V  [jvm.dll+0x36271a]  (no source info available)
V  [jvm.dll+0x36ab46]  (no source info available)
V  [jvm.dll+0x3570ee]  (no source info available)
V  [jvm.dll+0x357388]  (no source info available)
V  [jvm.dll+0x32fd1c]  (no source info available)
V  [jvm.dll+0x3309be]  (no source info available)
V  [jvm.dll+0x89fde5]  (no source info available)
V  [jvm.dll+0x3c0058]  (no source info available)
V  [jvm.dll+0x88881c]  (no source info available)
V  [jvm.dll+0x45a36e]  (no source info available)
V  [jvm.dll+0x45c181]  (no source info available)
C  [jli.dll+0x5278]  (no source info available)
C  [ucrtbase.dll+0x29333]  (no source info available)
C  [KERNEL32.DLL+0x1259d]  (no source info available)
C  [ntdll.dll+0x5af78]  (no source info available)

Lock stack of current Java thread (top to bottom):


---------------  P R O C E S S  ---------------

Threads class SMR info:
_java_thread_list=0x00007ffd814f9ad8, length=0, elements={
}

Java Threads: ( => current thread )
Total: 0

Other Threads:
  0x000001e80e0b1ec0 WorkerThread "GC Thread#0"                     [id=12560, stack(0x0000000feaa00000,0x0000000feab00000) (1024K)]
  0x000001e80e0c68d0 ConcurrentGCThread "G1 Main Marker"            [id=7932, stack(0x0000000feab00000,0x0000000feac00000) (1024K)]
  0x000001e80e0c73e0 WorkerThread "G1 Conc#0"                       [id=7152, stack(0x0000000feac00000,0x0000000fead00000) (1024K)]

[error occurred during error reporting (printing all threads), id 0xc0000005, EXCEPTION_ACCESS_VIOLATION (0xc0000005) at pc=0x00007ffd80bd338a]
VM state: not at safepoint (not fully initialized)

VM Mutex/Monitor currently owned by a thread:  ([mutex/lock_event])
[0x00007ffd8157cde8] Heap_lock - owner thread: 0x000001e80e059fd0

Heap address: 0x0000000082800000, size: 2008 MB, Compressed Oops mode: 32-bit

CDS archive(s) mapped at: [0x0000000000000000-0x0000000000000000-0x0000000000000000), size 0, SharedBaseAddress: 0x0000000800000000, ArchiveRelocationMode: 1.
Narrow klass base: 0x0000000000000000, Narrow klass shift: 0, Narrow klass range: 0x0

GC Precious Log:
 CardTable entry size: 512
 Card Set container configuration: InlinePtr #cards 5 size 8 Array Of Cards #cards 10 size 36 Howl #buckets 4 coarsen threshold 1843 Howl Bitmap #cards 512 size 80 coarsen threshold 460 Card regions per heap region 1 cards per card region 2048

Heap:
 garbage-first heap   total reserved 2056192K, committed 0K, used 0K [0x0000000082800000, 0x0000000100000000)
  region size 1024K, 0 young (0K), 0 survivors (0K)

[error occurred during error reporting (printing heap information), id 0xc0000005, EXCEPTION_ACCESS_VIOLATION (0xc0000005) at pc=0x00007ffd80fd5529]
GC Heap History (0 events):
No events

Dll operation events (1 events):
Event: 0.009 Loaded shared library C:\Users\ivanr\.p2\pool\plugins\org.eclipse.justj.openjdk.hotspot.jre.full.win32.x86_64_23.0.2.v20250131-0604\jre\bin\java.dll

Deoptimization events (0 events):
No events

Classes loaded (0 events):
No events

Classes unloaded (0 events):
No events

Classes redefined (0 events):
No events

Internal exceptions (0 events):
No events

VM Operations (0 events):
No events

Memory protections (0 events):
No events

Nmethod flushes (0 events):
No events

Events (0 events):
No events


Dynamic libraries:
0x00007ff63d9f0000 - 0x00007ff63d9fe000 	C:\Users\ivanr\.p2\pool\plugins\org.eclipse.justj.openjdk.hotspot.jre.full.win32.x86_64_23.0.2.v20250131-0604\jre\bin\javaw.exe
0x00007ffe2bcb0000 - 0x00007ffe2bec7000 	C:\WINDOWS\SYSTEM32\ntdll.dll
0x00007ffe2b6f0000 - 0x00007ffe2b7b4000 	C:\WINDOWS\System32\KERNEL32.DLL
0x00007ffe29370000 - 0x00007ffe29742000 	C:\WINDOWS\System32\KERNELBASE.dll
0x00007ffe29220000 - 0x00007ffe29331000 	C:\WINDOWS\System32\ucrtbase.dll
0x00007ffe22ba0000 - 0x00007ffe22bb7000 	C:\Users\ivanr\.p2\pool\plugins\org.eclipse.justj.openjdk.hotspot.jre.full.win32.x86_64_23.0.2.v20250131-0604\jre\bin\jli.dll
0x00007ffe13c30000 - 0x00007ffe13c4e000 	C:\Users\ivanr\.p2\pool\plugins\org.eclipse.justj.openjdk.hotspot.jre.full.win32.x86_64_23.0.2.v20250131-0604\jre\bin\VCRUNTIME140.dll
0x00007ffe2a4d0000 - 0x00007ffe2a681000 	C:\WINDOWS\System32\USER32.dll
0x00007ffe29340000 - 0x00007ffe29366000 	C:\WINDOWS\System32\win32u.dll
0x00007ffe2b8b0000 - 0x00007ffe2b8d9000 	C:\WINDOWS\System32\GDI32.dll
0x00007ffe28da0000 - 0x00007ffe28ec3000 	C:\WINDOWS\System32\gdi32full.dll
0x00007ffe28ed0000 - 0x00007ffe28f6a000 	C:\WINDOWS\System32\msvcp_win.dll
0x00007ffe15f40000 - 0x00007ffe161db000 	C:\WINDOWS\WinSxS\amd64_microsoft.windows.common-controls_6595b64144ccf1df_6.0.22621.5547_none_27104afb73855772\COMCTL32.dll
0x00007ffe2b8e0000 - 0x00007ffe2b987000 	C:\WINDOWS\System32\msvcrt.dll
0x00007ffe2ae50000 - 0x00007ffe2ae81000 	C:\WINDOWS\System32\IMM32.DLL
0x00007ffe1f350000 - 0x00007ffe1f35c000 	C:\Users\ivanr\.p2\pool\plugins\org.eclipse.justj.openjdk.hotspot.jre.full.win32.x86_64_23.0.2.v20250131-0604\jre\bin\vcruntime140_1.dll
0x00007ffdf5fe0000 - 0x00007ffdf606d000 	C:\Users\ivanr\.p2\pool\plugins\org.eclipse.justj.openjdk.hotspot.jre.full.win32.x86_64_23.0.2.v20250131-0604\jre\bin\msvcp140.dll
0x00007ffd80890000 - 0x00007ffd8165e000 	C:\Users\ivanr\.p2\pool\plugins\org.eclipse.justj.openjdk.hotspot.jre.full.win32.x86_64_23.0.2.v20250131-0604\jre\bin\server\jvm.dll
0x00007ffe2b9b0000 - 0x00007ffe2ba61000 	C:\WINDOWS\System32\ADVAPI32.dll
0x00007ffe2afa0000 - 0x00007ffe2b048000 	C:\WINDOWS\System32\sechost.dll
0x00007ffe29910000 - 0x00007ffe29938000 	C:\WINDOWS\System32\bcrypt.dll
0x00007ffe2b400000 - 0x00007ffe2b514000 	C:\WINDOWS\System32\RPCRT4.dll
0x00007ffe2a710000 - 0x00007ffe2a781000 	C:\WINDOWS\System32\WS2_32.dll
0x00007ffe28c70000 - 0x00007ffe28cbd000 	C:\WINDOWS\SYSTEM32\POWRPROF.dll
0x00007ffe21470000 - 0x00007ffe214a4000 	C:\WINDOWS\SYSTEM32\WINMM.dll
0x00007ffe19910000 - 0x00007ffe1991a000 	C:\WINDOWS\SYSTEM32\VERSION.dll
0x00007ffe28c50000 - 0x00007ffe28c63000 	C:\WINDOWS\SYSTEM32\UMPDC.dll
0x00007ffe27d90000 - 0x00007ffe27da8000 	C:\WINDOWS\SYSTEM32\kernel.appcore.dll
0x00007ffe13c10000 - 0x00007ffe13c1a000 	C:\Users\ivanr\.p2\pool\plugins\org.eclipse.justj.openjdk.hotspot.jre.full.win32.x86_64_23.0.2.v20250131-0604\jre\bin\jimage.dll
0x00007ffe26790000 - 0x00007ffe269c3000 	C:\WINDOWS\SYSTEM32\DBGHELP.DLL
0x00007ffe2b050000 - 0x00007ffe2b3e3000 	C:\WINDOWS\System32\combase.dll
0x00007ffe2b7d0000 - 0x00007ffe2b8a7000 	C:\WINDOWS\System32\OLEAUT32.dll
0x00007ffe00110000 - 0x00007ffe00142000 	C:\WINDOWS\SYSTEM32\dbgcore.DLL
0x00007ffe290e0000 - 0x00007ffe2915b000 	C:\WINDOWS\System32\bcryptPrimitives.dll
0x00007ffe01130000 - 0x00007ffe0114e000 	C:\Users\ivanr\.p2\pool\plugins\org.eclipse.justj.openjdk.hotspot.jre.full.win32.x86_64_23.0.2.v20250131-0604\jre\bin\java.dll
0x00007ffe2a330000 - 0x00007ffe2a4d0000 	C:\WINDOWS\System32\ole32.dll
0x00007ffe299f0000 - 0x00007ffe2a292000 	C:\WINDOWS\System32\SHELL32.dll
0x00007ffe297d0000 - 0x00007ffe2990f000 	C:\WINDOWS\System32\wintypes.dll

dbghelp: loaded successfully - version: 4.0.5 - missing functions: none
symbol engine: initialized successfully - sym options: 0x614 - pdb path: .;C:\Users\ivanr\.p2\pool\plugins\org.eclipse.justj.openjdk.hotspot.jre.full.win32.x86_64_23.0.2.v20250131-0604\jre\bin;C:\WINDOWS\SYSTEM32;C:\WINDOWS\WinSxS\amd64_microsoft.windows.common-controls_6595b64144ccf1df_6.0.22621.5547_none_27104afb73855772;C:\Users\ivanr\.p2\pool\plugins\org.eclipse.justj.openjdk.hotspot.jre.full.win32.x86_64_23.0.2.v20250131-0604\jre\bin\server

VM Arguments:
jvm_args: -Dfile.encoding=UTF-8 -Dstdout.encoding=UTF-8 -Dstderr.encoding=UTF-8 --module-path=D:\Eclipse\RQPH\bin;C:\Users\ivanr\.p2\pool\plugins\org.eclipse.fx.ide.css.jfx8_3.8.0.202204150904.jar;D:\Eclipse\javafx-sdk-25.0.1\lib\javafx.base.jar;D:\Eclipse\javafx-sdk-25.0.1\lib\javafx.controls.jar;D:\Eclipse\javafx-sdk-25.0.1\lib\javafx.fxml.jar;D:\Eclipse\javafx-sdk-25.0.1\lib\javafx.graphics.jar;D:\Eclipse\javafx-sdk-25.0.1\lib\javafx.media.jar;D:\Eclipse\javafx-sdk-25.0.1\lib\javafx.swing.jar;D:\Eclipse\javafx-sdk-25.0.1\lib\javafx.web.jar;D:\Eclipse\javafx-sdk-25.0.1\lib\javafx-swt.jar;D:\Eclipse\javafx-sdk-25.0.1\lib\jdk.jsobject.jar;D:\Eclipse\javafx-sdk-25.0.1\lib\jfx.incubator.input.jar;D:\Eclipse\javafx-sdk-25.0.1\lib\jfx.incubator.richtext.jar -XX:+ShowCodeDetailsInExceptionMessages -Djdk.module.main=RQPH 
java_command: RQPH/application.Main
java_class_path (initial): <not set>
Launcher Type: SUN_STANDARD

[Global flags]
     intx CICompilerCount                          = 3                                         {product} {ergonomic}
     uint ConcGCThreads                            = 1                                         {product} {ergonomic}
     uint G1ConcRefinementThreads                  = 4                                         {product} {ergonomic}
   size_t G1HeapRegionSize                         = 1048576                                   {product} {ergonomic}
   size_t InitialHeapSize                          = 132120576                                 {product} {ergonomic}
   size_t MarkStackSize                            = 4194304                                   {product} {ergonomic}
   size_t MarkStackSizeMax                         = 536870912                                 {product} {ergonomic}
   size_t MaxHeapSize                              = 2105540608                                {product} {ergonomic}
   size_t MinHeapDeltaBytes                        = 1048576                                   {product} {ergonomic}
   size_t MinHeapSize                              = 8388608                                   {product} {ergonomic}
    uintx NonNMethodCodeHeapSize                   = 5832704                                {pd product} {ergonomic}
    uintx NonProfiledCodeHeapSize                  = 122945536                              {pd product} {ergonomic}
    uintx ProfiledCodeHeapSize                     = 122880000                              {pd product} {ergonomic}
    uintx ReservedCodeCacheSize                    = 251658240                              {pd product} {ergonomic}
     bool SegmentedCodeCache                       = true                                      {product} {ergonomic}
     bool ShowCodeDetailsInExceptionMessages       = true                                   {manageable} {command line}
   size_t SoftMaxHeapSize                          = 2105540608                             {manageable} {ergonomic}
     bool UseCompressedOops                        = true                           {product lp64_product} {ergonomic}
     bool UseG1GC                                  = true                                      {product} {ergonomic}
     bool UseLargePagesIndividualAllocation        = false                                  {pd product} {ergonomic}

Logging:
Log output configuration:
 #0: stdout all=warning uptime,level,tags foldmultilines=false
 #1: stderr all=off uptime,level,tags foldmultilines=false

Environment Variables:
PATH=C:/Users/ivanr/.p2/pool/plugins/org.eclipse.justj.openjdk.hotspot.jre.full.win32.x86_64_23.0.2.v20250131-0604/jre/bin/server;C:/Users/ivanr/.p2/pool/plugins/org.eclipse.justj.openjdk.hotspot.jre.full.win32.x86_64_23.0.2.v20250131-0604/jre/bin;C:\Program Files\Eclipse Adoptium\jdk-21.0.8.9-hotspot\bin;C:\WINDOWS\system32;C:\WINDOWS;C:\WINDOWS\System32\Wbem;C:\WINDOWS\System32\WindowsPowerShell\v1.0\;C:\WINDOWS\System32\OpenSSH\;C:\Users\ivanr\AppData\Local\Microsoft\WindowsApps;D:\cursor\resources\app\bin;C:\Users\ivanr\AppData\Local\Programs\Microsoft VS Code\bin;C:\WINDOWS\system32;
USERNAME=ivanr
OS=Windows_NT
PROCESSOR_IDENTIFIER=Intel64 Family 6 Model 142 Stepping 12, GenuineIntel
TMP=C:\Users\ivanr\AppData\Local\Temp
TEMP=C:\Users\ivanr\AppData\Local\Temp




Periodic native trim disabled

---------------  S Y S T E M  ---------------

OS:
 Windows 11 , 64 bit Build 22621 (10.0.22621.5415)
OS uptime: 7 days 5:06 hours
Hyper-V role detected

CPU: total 4 (initial active 4) (2 cores per cpu, 2 threads per core) family 6 model 142 stepping 12 microcode 0xde, cx8, cmov, fxsr, ht, mmx, 3dnowpref, sse, sse2, sse3, ssse3, sse4.1, sse4.2, popcnt, lzcnt, tsc, tscinvbit, avx, avx2, aes, erms, clmul, bmi1, bmi2, adx, fma, vzeroupper, clflush, clflushopt, hv, rdtscp, f16c
Processor Information for the first 4 processors :
  Max Mhz: 2592, Current Mhz: 2592, Mhz Limit: 2073

Memory: 4k page, system-wide physical 8025M (486M free)
TotalPageFile size 23385M (AvailPageFile size 112M)
current process WorkingSet (physical memory assigned to process): 12M, peak: 12M
current process commit charge ("private bytes"): 52M, peak: 178M

vm_info: OpenJDK 64-Bit Server VM (23.0.2+7) for windows-amd64 JRE (23.0.2+7), built on 2025-01-21T00:00:00Z with MS VC++ 17.7 (VS2022)

END.
