#
# There is insufficient memory for the Java Runtime Environment to continue.
# Native memory allocation (malloc) failed to allocate 247648 bytes. Error detail: Chunk::new
# Possible reasons:
#   The system is out of physical RAM or swap space
#   This process is running with CompressedOops enabled, and the Java Heap may be blocking the growth of the native heap
# Possible solutions:
#   Reduce memory load on the system
#   Increase physical memory or swap space
#   Check if swap backing store is full
#   Decrease Java heap size (-Xmx/-Xms)
#   Decrease number of Java threads
#   Decrease Java thread stack sizes (-Xss)
#   Set larger code cache with -XX:ReservedCodeCacheSize=
#   JVM is running with Unscaled Compressed Oops mode in which the Java heap is
#     placed in the first 4GB address space. The Java Heap base address is the
#     maximum limit for the native heap growth. Please use -XX:HeapBaseMinAddress
#     to set the Java Heap base and to place the Java Heap above 4GB virtual address.
# This output file may be truncated or incomplete.
#
#  Out of Memory Error (arena.cpp:149), pid=12944, tid=19572
#
# JRE version: OpenJDK Runtime Environment Temurin-23.0.2+7 (23.0.2+7) (build 23.0.2+7)
# Java VM: OpenJDK 64-Bit Server VM Temurin-23.0.2+7 (23.0.2+7, mixed mode, sharing, tiered, compressed oops, compressed class ptrs, g1 gc, windows-amd64)
# No core dump will be written. Minidumps are not enabled by default on client versions of Windows
#

---------------  S U M M A R Y ------------

Command Line: -Dfile.encoding=UTF-8 -Dstdout.encoding=UTF-8 -Dstderr.encoding=UTF-8 --module-path=D:\Eclipse\RQPH\bin;C:\Users\ivanr\.p2\pool\plugins\org.eclipse.fx.ide.css.jfx8_3.8.0.202204150904.jar;D:\Eclipse\javafx-sdk-25.0.1\lib\javafx.base.jar;D:\Eclipse\javafx-sdk-25.0.1\lib\javafx.controls.jar;D:\Eclipse\javafx-sdk-25.0.1\lib\javafx.fxml.jar;D:\Eclipse\javafx-sdk-25.0.1\lib\javafx.graphics.jar;D:\Eclipse\javafx-sdk-25.0.1\lib\javafx.media.jar;D:\Eclipse\javafx-sdk-25.0.1\lib\javafx.swing.jar;D:\Eclipse\javafx-sdk-25.0.1\lib\javafx.web.jar;D:\Eclipse\javafx-sdk-25.0.1\lib\javafx-swt.jar;D:\Eclipse\javafx-sdk-25.0.1\lib\jdk.jsobject.jar;D:\Eclipse\javafx-sdk-25.0.1\lib\jfx.incubator.input.jar;D:\Eclipse\javafx-sdk-25.0.1\lib\jfx.incubator.richtext.jar -XX:+ShowCodeDetailsInExceptionMessages -Djdk.module.main=RQPH RQPH/application.Main

Host: Intel(R) Core(TM) i3-10110U CPU @ 2.10GHz, 4 cores, 7G,  Windows 11 , 64 bit Build 22621 (10.0.22621.5415)
Time: Tue Nov 11 17:22:44 2025 Malay Peninsula Standard Time elapsed time: 0.615476 seconds (0d 0h 0m 0s)

---------------  T H R E A D  ---------------

Current thread (0x0000019d987c37d0):  JavaThread "C2 CompilerThread1" daemon [_thread_in_native, id=19572, stack(0x0000007159600000,0x0000007159700000) (1024K)]


Current CompileTask:
C2:615 1022       4       java.util.HashMap::resize (356 bytes)

Stack: [0x0000007159600000,0x0000007159700000]
Native frames: (J=compiled Java code, j=interpreted, Vv=VM code, C=native code)
V  [jvm.dll+0x6e8fa9]  (no source info available)
V  [jvm.dll+0x8d96b3]  (no source info available)
V  [jvm.dll+0x8dbb3e]  (no source info available)
V  [jvm.dll+0x8dc213]  (no source info available)
V  [jvm.dll+0x281bc6]  (no source info available)
V  [jvm.dll+0xbbb0f]  (no source info available)
V  [jvm.dll+0xbbd6b]  (no source info available)
V  [jvm.dll+0x3ba09c]  (no source info available)
V  [jvm.dll+0x39071b]  (no source info available)
V  [jvm.dll+0x38fb7a]  (no source info available)
V  [jvm.dll+0x24ade1]  (no source info available)
V  [jvm.dll+0x24a13f]  (no source info available)
V  [jvm.dll+0x1c8fb0]  (no source info available)
V  [jvm.dll+0x25a23e]  (no source info available)
V  [jvm.dll+0x25850a]  (no source info available)
V  [jvm.dll+0x3f4916]  (no source info available)
V  [jvm.dll+0x88062b]  (no source info available)
V  [jvm.dll+0x6e77b5]  (no source info available)
C  [ucrtbase.dll+0x29333]  (no source info available)
C  [KERNEL32.DLL+0x1259d]  (no source info available)
C  [ntdll.dll+0x5af78]  (no source info available)

Lock stack of current Java thread (top to bottom):


---------------  P R O C E S S  ---------------

Threads class SMR info:
_java_thread_list=0x0000019dde5e5210, length=17, elements={
0x0000019dfe8de120, 0x0000019d9866d8b0, 0x0000019d9866f890, 0x0000019d98672080,
0x0000019d98675400, 0x0000019d98675e60, 0x0000019d98676a70, 0x0000019d986779b0,
0x0000019d98695f90, 0x0000019d9879c130, 0x0000019d987c37d0, 0x0000019dde655040,
0x0000019dde80a2c0, 0x0000019dde294890, 0x0000019dde2864f0, 0x0000019dde456d20,
0x0000019dde4593a0
}

Java Threads: ( => current thread )
  0x0000019dfe8de120 JavaThread "main"                              [_thread_blocked, id=25044, stack(0x0000007158500000,0x0000007158600000) (1024K)]
  0x0000019d9866d8b0 JavaThread "Reference Handler"          daemon [_thread_blocked, id=24892, stack(0x0000007158d00000,0x0000007158e00000) (1024K)]
  0x0000019d9866f890 JavaThread "Finalizer"                  daemon [_thread_blocked, id=19512, stack(0x0000007158e00000,0x0000007158f00000) (1024K)]
  0x0000019d98672080 JavaThread "Signal Dispatcher"          daemon [_thread_blocked, id=13112, stack(0x0000007158f00000,0x0000007159000000) (1024K)]
  0x0000019d98675400 JavaThread "Attach Listener"            daemon [_thread_blocked, id=16284, stack(0x0000007159000000,0x0000007159100000) (1024K)]
  0x0000019d98675e60 JavaThread "Service Thread"             daemon [_thread_blocked, id=22228, stack(0x0000007159100000,0x0000007159200000) (1024K)]
  0x0000019d98676a70 JavaThread "Monitor Deflation Thread"   daemon [_thread_blocked, id=24084, stack(0x0000007159200000,0x0000007159300000) (1024K)]
  0x0000019d986779b0 JavaThread "C2 CompilerThread0"         daemon [_thread_in_native, id=23304, stack(0x0000007159300000,0x0000007159400000) (1024K)]
  0x0000019d98695f90 JavaThread "C1 CompilerThread0"         daemon [_thread_blocked, id=19236, stack(0x0000007159400000,0x0000007159500000) (1024K)]
  0x0000019d9879c130 JavaThread "Common-Cleaner"             daemon [_thread_blocked, id=3884, stack(0x0000007159500000,0x0000007159600000) (1024K)]
=>0x0000019d987c37d0 JavaThread "C2 CompilerThread1"         daemon [_thread_in_native, id=19572, stack(0x0000007159600000,0x0000007159700000) (1024K)]
  0x0000019dde655040 JavaThread "Notification Thread"        daemon [_thread_blocked, id=20608, stack(0x0000007159700000,0x0000007159800000) (1024K)]
  0x0000019dde80a2c0 JavaThread "QuantumRenderer-0"          daemon [_thread_blocked, id=20928, stack(0x0000007159800000,0x0000007159900000) (1024K)]
  0x0000019dde294890 JavaThread "InvokeLaterDispatcher"      daemon [_thread_blocked, id=3140, stack(0x0000007159c00000,0x0000007159d00000) (1024K)]
  0x0000019dde2864f0 JavaThread "JavaFX Application Thread"         [_thread_in_Java, id=25756, stack(0x0000007159d00000,0x0000007159e00000) (1024K)]
  0x0000019dde456d20 JavaThread "Thread-1"                   daemon [_thread_in_native, id=24176, stack(0x000000715a300000,0x000000715a400000) (1024K)]
  0x0000019dde4593a0 JavaThread "JavaFX-Launcher"                   [_thread_blocked, id=25952, stack(0x000000715a400000,0x000000715a500000) (1024K)]
Total: 17

Other Threads:
  0x0000019d98654ae0 VMThread "VM Thread"                           [id=16932, stack(0x0000007158c00000,0x0000007158d00000) (1024K)]
  0x0000019d98643d30 WatcherThread "VM Periodic Task Thread"        [id=22320, stack(0x0000007158b00000,0x0000007158c00000) (1024K)]
  0x0000019dff8a2bb0 WorkerThread "GC Thread#0"                     [id=4568, stack(0x0000007158600000,0x0000007158700000) (1024K)]
  0x0000019dde1fc2d0 WorkerThread "GC Thread#1"                     [id=25728, stack(0x0000007159900000,0x0000007159a00000) (1024K)]
  0x0000019dde1e2f00 WorkerThread "GC Thread#2"                     [id=26084, stack(0x0000007159a00000,0x0000007159b00000) (1024K)]
  0x0000019dde289780 WorkerThread "GC Thread#3"                     [id=14752, stack(0x0000007159b00000,0x0000007159c00000) (1024K)]
  0x0000019dff8b75c0 ConcurrentGCThread "G1 Main Marker"            [id=16904, stack(0x0000007158700000,0x0000007158800000) (1024K)]
  0x0000019dff8b8a20 WorkerThread "G1 Conc#0"                       [id=5236, stack(0x0000007158800000,0x0000007158900000) (1024K)]
  0x0000019dff90e900 ConcurrentGCThread "G1 Refine#0"               [id=528, stack(0x0000007158900000,0x0000007158a00000) (1024K)]
  0x0000019d98516640 ConcurrentGCThread "G1 Service"                [id=25072, stack(0x0000007158a00000,0x0000007158b00000) (1024K)]
Total: 10

Threads with active compile tasks:
C2 CompilerThread0  682 1069       4       sun.util.locale.BaseLocale::getInstance (148 bytes)
C2 CompilerThread1  682 1022       4       java.util.HashMap::resize (356 bytes)
Total: 2

VM state: not at safepoint (normal execution)

VM Mutex/Monitor currently owned by a thread: None

Heap address: 0x0000000082800000, size: 2008 MB, Compressed Oops mode: 32-bit

CDS archive(s) mapped at: [0x0000019d99000000-0x0000019d99d70000-0x0000019d99d70000), size 14090240, SharedBaseAddress: 0x0000019d99000000, ArchiveRelocationMode: 1.
Compressed class space mapped at: 0x0000019d9a000000-0x0000019dda000000, reserved size: 1073741824
Narrow klass base: 0x0000019d99000000, Narrow klass shift: 0, Narrow klass range: 0x41000000

GC Precious Log:
 CardTable entry size: 512
 Card Set container configuration: InlinePtr #cards 5 size 8 Array Of Cards #cards 10 size 36 Howl #buckets 4 coarsen threshold 1843 Howl Bitmap #cards 512 size 80 coarsen threshold 460 Card regions per heap region 1 cards per card region 2048
 CPUs: 4 total, 4 available
 Memory: 8025M
 Large Page Support: Disabled
 NUMA Support: Disabled
 Compressed Oops: Enabled (32-bit)
 Heap Region Size: 1M
 Heap Min Capacity: 8M
 Heap Initial Capacity: 126M
 Heap Max Capacity: 2008M
 Pre-touch: Disabled
 Parallel Workers: 4
 Concurrent Workers: 1
 Concurrent Refinement Workers: 4
 Periodic GC: Disabled

Heap:
 garbage-first heap   total reserved 2056192K, committed 129024K, used 11071K [0x0000000082800000, 0x0000000100000000)
  region size 1024K, 12 young (12288K), 2 survivors (2048K)
 Metaspace       used 4696K, committed 4864K, reserved 1114112K
  class space    used 596K, committed 704K, reserved 1048576K

Heap Regions: E=young(eden), S=young(survivor), O=old, HS=humongous(starts), HC=humongous(continues), CS=collection set, F=free, TAMS=top-at-mark-start, PB=parsable bottom
|   0|0x0000000082800000, 0x0000000082800000, 0x0000000082900000|  0%| F|  |TAMS 0x0000000082800000| PB 0x0000000082800000| Untracked |  0
|   1|0x0000000082900000, 0x0000000082900000, 0x0000000082a00000|  0%| F|  |TAMS 0x0000000082900000| PB 0x0000000082900000| Untracked |  0
|   2|0x0000000082a00000, 0x0000000082a00000, 0x0000000082b00000|  0%| F|  |TAMS 0x0000000082a00000| PB 0x0000000082a00000| Untracked |  0
|   3|0x0000000082b00000, 0x0000000082b00000, 0x0000000082c00000|  0%| F|  |TAMS 0x0000000082b00000| PB 0x0000000082b00000| Untracked |  0
|   4|0x0000000082c00000, 0x0000000082c00000, 0x0000000082d00000|  0%| F|  |TAMS 0x0000000082c00000| PB 0x0000000082c00000| Untracked |  0
|   5|0x0000000082d00000, 0x0000000082d00000, 0x0000000082e00000|  0%| F|  |TAMS 0x0000000082d00000| PB 0x0000000082d00000| Untracked |  0
|   6|0x0000000082e00000, 0x0000000082e00000, 0x0000000082f00000|  0%| F|  |TAMS 0x0000000082e00000| PB 0x0000000082e00000| Untracked |  0
|   7|0x0000000082f00000, 0x0000000082f00000, 0x0000000083000000|  0%| F|  |TAMS 0x0000000082f00000| PB 0x0000000082f00000| Untracked |  0
|   8|0x0000000083000000, 0x0000000083000000, 0x0000000083100000|  0%| F|  |TAMS 0x0000000083000000| PB 0x0000000083000000| Untracked |  0
|   9|0x0000000083100000, 0x0000000083100000, 0x0000000083200000|  0%| F|  |TAMS 0x0000000083100000| PB 0x0000000083100000| Untracked |  0
|  10|0x0000000083200000, 0x0000000083200000, 0x0000000083300000|  0%| F|  |TAMS 0x0000000083200000| PB 0x0000000083200000| Untracked |  0
|  11|0x0000000083300000, 0x0000000083300000, 0x0000000083400000|  0%| F|  |TAMS 0x0000000083300000| PB 0x0000000083300000| Untracked |  0
|  12|0x0000000083400000, 0x0000000083400000, 0x0000000083500000|  0%| F|  |TAMS 0x0000000083400000| PB 0x0000000083400000| Untracked |  0
|  13|0x0000000083500000, 0x0000000083500000, 0x0000000083600000|  0%| F|  |TAMS 0x0000000083500000| PB 0x0000000083500000| Untracked |  0
|  14|0x0000000083600000, 0x0000000083600000, 0x0000000083700000|  0%| F|  |TAMS 0x0000000083600000| PB 0x0000000083600000| Untracked |  0
|  15|0x0000000083700000, 0x0000000083700000, 0x0000000083800000|  0%| F|  |TAMS 0x0000000083700000| PB 0x0000000083700000| Untracked |  0
|  16|0x0000000083800000, 0x0000000083800000, 0x0000000083900000|  0%| F|  |TAMS 0x0000000083800000| PB 0x0000000083800000| Untracked |  0
|  17|0x0000000083900000, 0x0000000083900000, 0x0000000083a00000|  0%| F|  |TAMS 0x0000000083900000| PB 0x0000000083900000| Untracked |  0
|  18|0x0000000083a00000, 0x0000000083a00000, 0x0000000083b00000|  0%| F|  |TAMS 0x0000000083a00000| PB 0x0000000083a00000| Untracked |  0
|  19|0x0000000083b00000, 0x0000000083b00000, 0x0000000083c00000|  0%| F|  |TAMS 0x0000000083b00000| PB 0x0000000083b00000| Untracked |  0
|  20|0x0000000083c00000, 0x0000000083c00000, 0x0000000083d00000|  0%| F|  |TAMS 0x0000000083c00000| PB 0x0000000083c00000| Untracked |  0
|  21|0x0000000083d00000, 0x0000000083d00000, 0x0000000083e00000|  0%| F|  |TAMS 0x0000000083d00000| PB 0x0000000083d00000| Untracked |  0
|  22|0x0000000083e00000, 0x0000000083e00000, 0x0000000083f00000|  0%| F|  |TAMS 0x0000000083e00000| PB 0x0000000083e00000| Untracked |  0
|  23|0x0000000083f00000, 0x0000000083f00000, 0x0000000084000000|  0%| F|  |TAMS 0x0000000083f00000| PB 0x0000000083f00000| Untracked |  0
|  24|0x0000000084000000, 0x0000000084000000, 0x0000000084100000|  0%| F|  |TAMS 0x0000000084000000| PB 0x0000000084000000| Untracked |  0
|  25|0x0000000084100000, 0x0000000084100000, 0x0000000084200000|  0%| F|  |TAMS 0x0000000084100000| PB 0x0000000084100000| Untracked |  0
|  26|0x0000000084200000, 0x0000000084200000, 0x0000000084300000|  0%| F|  |TAMS 0x0000000084200000| PB 0x0000000084200000| Untracked |  0
|  27|0x0000000084300000, 0x0000000084300000, 0x0000000084400000|  0%| F|  |TAMS 0x0000000084300000| PB 0x0000000084300000| Untracked |  0
|  28|0x0000000084400000, 0x0000000084400000, 0x0000000084500000|  0%| F|  |TAMS 0x0000000084400000| PB 0x0000000084400000| Untracked |  0
|  29|0x0000000084500000, 0x0000000084500000, 0x0000000084600000|  0%| F|  |TAMS 0x0000000084500000| PB 0x0000000084500000| Untracked |  0
|  30|0x0000000084600000, 0x0000000084600000, 0x0000000084700000|  0%| F|  |TAMS 0x0000000084600000| PB 0x0000000084600000| Untracked |  0
|  31|0x0000000084700000, 0x0000000084700000, 0x0000000084800000|  0%| F|  |TAMS 0x0000000084700000| PB 0x0000000084700000| Untracked |  0
|  32|0x0000000084800000, 0x0000000084800000, 0x0000000084900000|  0%| F|  |TAMS 0x0000000084800000| PB 0x0000000084800000| Untracked |  0
|  33|0x0000000084900000, 0x0000000084900000, 0x0000000084a00000|  0%| F|  |TAMS 0x0000000084900000| PB 0x0000000084900000| Untracked |  0
|  34|0x0000000084a00000, 0x0000000084a00000, 0x0000000084b00000|  0%| F|  |TAMS 0x0000000084a00000| PB 0x0000000084a00000| Untracked |  0
|  35|0x0000000084b00000, 0x0000000084b00000, 0x0000000084c00000|  0%| F|  |TAMS 0x0000000084b00000| PB 0x0000000084b00000| Untracked |  0
|  36|0x0000000084c00000, 0x0000000084c00000, 0x0000000084d00000|  0%| F|  |TAMS 0x0000000084c00000| PB 0x0000000084c00000| Untracked |  0
|  37|0x0000000084d00000, 0x0000000084d00000, 0x0000000084e00000|  0%| F|  |TAMS 0x0000000084d00000| PB 0x0000000084d00000| Untracked |  0
|  38|0x0000000084e00000, 0x0000000084e00000, 0x0000000084f00000|  0%| F|  |TAMS 0x0000000084e00000| PB 0x0000000084e00000| Untracked |  0
|  39|0x0000000084f00000, 0x0000000084f00000, 0x0000000085000000|  0%| F|  |TAMS 0x0000000084f00000| PB 0x0000000084f00000| Untracked |  0
|  40|0x0000000085000000, 0x0000000085000000, 0x0000000085100000|  0%| F|  |TAMS 0x0000000085000000| PB 0x0000000085000000| Untracked |  0
|  41|0x0000000085100000, 0x0000000085100000, 0x0000000085200000|  0%| F|  |TAMS 0x0000000085100000| PB 0x0000000085100000| Untracked |  0
|  42|0x0000000085200000, 0x0000000085200000, 0x0000000085300000|  0%| F|  |TAMS 0x0000000085200000| PB 0x0000000085200000| Untracked |  0
|  43|0x0000000085300000, 0x0000000085300000, 0x0000000085400000|  0%| F|  |TAMS 0x0000000085300000| PB 0x0000000085300000| Untracked |  0
|  44|0x0000000085400000, 0x0000000085400000, 0x0000000085500000|  0%| F|  |TAMS 0x0000000085400000| PB 0x0000000085400000| Untracked |  0
|  45|0x0000000085500000, 0x0000000085500000, 0x0000000085600000|  0%| F|  |TAMS 0x0000000085500000| PB 0x0000000085500000| Untracked |  0
|  46|0x0000000085600000, 0x0000000085600000, 0x0000000085700000|  0%| F|  |TAMS 0x0000000085600000| PB 0x0000000085600000| Untracked |  0
|  47|0x0000000085700000, 0x0000000085700000, 0x0000000085800000|  0%| F|  |TAMS 0x0000000085700000| PB 0x0000000085700000| Untracked |  0
|  48|0x0000000085800000, 0x0000000085800000, 0x0000000085900000|  0%| F|  |TAMS 0x0000000085800000| PB 0x0000000085800000| Untracked |  0
|  49|0x0000000085900000, 0x0000000085900000, 0x0000000085a00000|  0%| F|  |TAMS 0x0000000085900000| PB 0x0000000085900000| Untracked |  0
|  50|0x0000000085a00000, 0x0000000085a00000, 0x0000000085b00000|  0%| F|  |TAMS 0x0000000085a00000| PB 0x0000000085a00000| Untracked |  0
|  51|0x0000000085b00000, 0x0000000085b00000, 0x0000000085c00000|  0%| F|  |TAMS 0x0000000085b00000| PB 0x0000000085b00000| Untracked |  0
|  52|0x0000000085c00000, 0x0000000085c00000, 0x0000000085d00000|  0%| F|  |TAMS 0x0000000085c00000| PB 0x0000000085c00000| Untracked |  0
|  53|0x0000000085d00000, 0x0000000085d00000, 0x0000000085e00000|  0%| F|  |TAMS 0x0000000085d00000| PB 0x0000000085d00000| Untracked |  0
|  54|0x0000000085e00000, 0x0000000085e00000, 0x0000000085f00000|  0%| F|  |TAMS 0x0000000085e00000| PB 0x0000000085e00000| Untracked |  0
|  55|0x0000000085f00000, 0x0000000085f00000, 0x0000000086000000|  0%| F|  |TAMS 0x0000000085f00000| PB 0x0000000085f00000| Untracked |  0
|  56|0x0000000086000000, 0x0000000086000000, 0x0000000086100000|  0%| F|  |TAMS 0x0000000086000000| PB 0x0000000086000000| Untracked |  0
|  57|0x0000000086100000, 0x0000000086100000, 0x0000000086200000|  0%| F|  |TAMS 0x0000000086100000| PB 0x0000000086100000| Untracked |  0
|  58|0x0000000086200000, 0x0000000086200000, 0x0000000086300000|  0%| F|  |TAMS 0x0000000086200000| PB 0x0000000086200000| Untracked |  0
|  59|0x0000000086300000, 0x0000000086300000, 0x0000000086400000|  0%| F|  |TAMS 0x0000000086300000| PB 0x0000000086300000| Untracked |  0
|  60|0x0000000086400000, 0x0000000086400000, 0x0000000086500000|  0%| F|  |TAMS 0x0000000086400000| PB 0x0000000086400000| Untracked |  0
|  61|0x0000000086500000, 0x0000000086500000, 0x0000000086600000|  0%| F|  |TAMS 0x0000000086500000| PB 0x0000000086500000| Untracked |  0
|  62|0x0000000086600000, 0x0000000086600000, 0x0000000086700000|  0%| F|  |TAMS 0x0000000086600000| PB 0x0000000086600000| Untracked |  0
|  63|0x0000000086700000, 0x0000000086700000, 0x0000000086800000|  0%| F|  |TAMS 0x0000000086700000| PB 0x0000000086700000| Untracked |  0
|  64|0x0000000086800000, 0x0000000086800000, 0x0000000086900000|  0%| F|  |TAMS 0x0000000086800000| PB 0x0000000086800000| Untracked |  0
|  65|0x0000000086900000, 0x0000000086900000, 0x0000000086a00000|  0%| F|  |TAMS 0x0000000086900000| PB 0x0000000086900000| Untracked |  0
|  66|0x0000000086a00000, 0x0000000086a00000, 0x0000000086b00000|  0%| F|  |TAMS 0x0000000086a00000| PB 0x0000000086a00000| Untracked |  0
|  67|0x0000000086b00000, 0x0000000086b00000, 0x0000000086c00000|  0%| F|  |TAMS 0x0000000086b00000| PB 0x0000000086b00000| Untracked |  0
|  68|0x0000000086c00000, 0x0000000086c00000, 0x0000000086d00000|  0%| F|  |TAMS 0x0000000086c00000| PB 0x0000000086c00000| Untracked |  0
|  69|0x0000000086d00000, 0x0000000086d00000, 0x0000000086e00000|  0%| F|  |TAMS 0x0000000086d00000| PB 0x0000000086d00000| Untracked |  0
|  70|0x0000000086e00000, 0x0000000086e00000, 0x0000000086f00000|  0%| F|  |TAMS 0x0000000086e00000| PB 0x0000000086e00000| Untracked |  0
|  71|0x0000000086f00000, 0x0000000086f00000, 0x0000000087000000|  0%| F|  |TAMS 0x0000000086f00000| PB 0x0000000086f00000| Untracked |  0
|  72|0x0000000087000000, 0x0000000087000000, 0x0000000087100000|  0%| F|  |TAMS 0x0000000087000000| PB 0x0000000087000000| Untracked |  0
|  73|0x0000000087100000, 0x0000000087100000, 0x0000000087200000|  0%| F|  |TAMS 0x0000000087100000| PB 0x0000000087100000| Untracked |  0
|  74|0x0000000087200000, 0x0000000087200000, 0x0000000087300000|  0%| F|  |TAMS 0x0000000087200000| PB 0x0000000087200000| Untracked |  0
|  75|0x0000000087300000, 0x0000000087300000, 0x0000000087400000|  0%| F|  |TAMS 0x0000000087300000| PB 0x0000000087300000| Untracked |  0
|  76|0x0000000087400000, 0x0000000087400000, 0x0000000087500000|  0%| F|  |TAMS 0x0000000087400000| PB 0x0000000087400000| Untracked |  0
|  77|0x0000000087500000, 0x0000000087500000, 0x0000000087600000|  0%| F|  |TAMS 0x0000000087500000| PB 0x0000000087500000| Untracked |  0
|  78|0x0000000087600000, 0x0000000087600000, 0x0000000087700000|  0%| F|  |TAMS 0x0000000087600000| PB 0x0000000087600000| Untracked |  0
|  79|0x0000000087700000, 0x0000000087700000, 0x0000000087800000|  0%| F|  |TAMS 0x0000000087700000| PB 0x0000000087700000| Untracked |  0
|  80|0x0000000087800000, 0x0000000087800000, 0x0000000087900000|  0%| F|  |TAMS 0x0000000087800000| PB 0x0000000087800000| Untracked |  0
|  81|0x0000000087900000, 0x0000000087900000, 0x0000000087a00000|  0%| F|  |TAMS 0x0000000087900000| PB 0x0000000087900000| Untracked |  0
|  82|0x0000000087a00000, 0x0000000087a00000, 0x0000000087b00000|  0%| F|  |TAMS 0x0000000087a00000| PB 0x0000000087a00000| Untracked |  0
|  83|0x0000000087b00000, 0x0000000087b00000, 0x0000000087c00000|  0%| F|  |TAMS 0x0000000087b00000| PB 0x0000000087b00000| Untracked |  0
|  84|0x0000000087c00000, 0x0000000087c00000, 0x0000000087d00000|  0%| F|  |TAMS 0x0000000087c00000| PB 0x0000000087c00000| Untracked |  0
|  85|0x0000000087d00000, 0x0000000087d00000, 0x0000000087e00000|  0%| F|  |TAMS 0x0000000087d00000| PB 0x0000000087d00000| Untracked |  0
|  86|0x0000000087e00000, 0x0000000087e00000, 0x0000000087f00000|  0%| F|  |TAMS 0x0000000087e00000| PB 0x0000000087e00000| Untracked |  0
|  87|0x0000000087f00000, 0x0000000087f00000, 0x0000000088000000|  0%| F|  |TAMS 0x0000000087f00000| PB 0x0000000087f00000| Untracked |  0
|  88|0x0000000088000000, 0x0000000088000000, 0x0000000088100000|  0%| F|  |TAMS 0x0000000088000000| PB 0x0000000088000000| Untracked |  0
|  89|0x0000000088100000, 0x0000000088100000, 0x0000000088200000|  0%| F|  |TAMS 0x0000000088100000| PB 0x0000000088100000| Untracked |  0
|  90|0x0000000088200000, 0x0000000088200000, 0x0000000088300000|  0%| F|  |TAMS 0x0000000088200000| PB 0x0000000088200000| Untracked |  0
|  91|0x0000000088300000, 0x0000000088300000, 0x0000000088400000|  0%| F|  |TAMS 0x0000000088300000| PB 0x0000000088300000| Untracked |  0
|  92|0x0000000088400000, 0x0000000088400000, 0x0000000088500000|  0%| F|  |TAMS 0x0000000088400000| PB 0x0000000088400000| Untracked |  0
|  93|0x0000000088500000, 0x0000000088500000, 0x0000000088600000|  0%| F|  |TAMS 0x0000000088500000| PB 0x0000000088500000| Untracked |  0
|  94|0x0000000088600000, 0x0000000088600000, 0x0000000088700000|  0%| F|  |TAMS 0x0000000088600000| PB 0x0000000088600000| Untracked |  0
|  95|0x0000000088700000, 0x0000000088700000, 0x0000000088800000|  0%| F|  |TAMS 0x0000000088700000| PB 0x0000000088700000| Untracked |  0
|  96|0x0000000088800000, 0x0000000088800000, 0x0000000088900000|  0%| F|  |TAMS 0x0000000088800000| PB 0x0000000088800000| Untracked |  0
|  97|0x0000000088900000, 0x0000000088900000, 0x0000000088a00000|  0%| F|  |TAMS 0x0000000088900000| PB 0x0000000088900000| Untracked |  0
|  98|0x0000000088a00000, 0x0000000088a00000, 0x0000000088b00000|  0%| F|  |TAMS 0x0000000088a00000| PB 0x0000000088a00000| Untracked |  0
|  99|0x0000000088b00000, 0x0000000088b00000, 0x0000000088c00000|  0%| F|  |TAMS 0x0000000088b00000| PB 0x0000000088b00000| Untracked |  0
| 100|0x0000000088c00000, 0x0000000088c00000, 0x0000000088d00000|  0%| F|  |TAMS 0x0000000088c00000| PB 0x0000000088c00000| Untracked |  0
| 101|0x0000000088d00000, 0x0000000088d00000, 0x0000000088e00000|  0%| F|  |TAMS 0x0000000088d00000| PB 0x0000000088d00000| Untracked |  0
| 102|0x0000000088e00000, 0x0000000088e00000, 0x0000000088f00000|  0%| F|  |TAMS 0x0000000088e00000| PB 0x0000000088e00000| Untracked |  0
| 103|0x0000000088f00000, 0x0000000088f00000, 0x0000000089000000|  0%| F|  |TAMS 0x0000000088f00000| PB 0x0000000088f00000| Untracked |  0
| 104|0x0000000089000000, 0x0000000089000000, 0x0000000089100000|  0%| F|  |TAMS 0x0000000089000000| PB 0x0000000089000000| Untracked |  0
| 105|0x0000000089100000, 0x0000000089100000, 0x0000000089200000|  0%| F|  |TAMS 0x0000000089100000| PB 0x0000000089100000| Untracked |  0
| 106|0x0000000089200000, 0x0000000089200000, 0x0000000089300000|  0%| F|  |TAMS 0x0000000089200000| PB 0x0000000089200000| Untracked |  0
| 107|0x0000000089300000, 0x0000000089300000, 0x0000000089400000|  0%| F|  |TAMS 0x0000000089300000| PB 0x0000000089300000| Untracked |  0
| 108|0x0000000089400000, 0x0000000089400000, 0x0000000089500000|  0%| F|  |TAMS 0x0000000089400000| PB 0x0000000089400000| Untracked |  0
| 109|0x0000000089500000, 0x0000000089500000, 0x0000000089600000|  0%| F|  |TAMS 0x0000000089500000| PB 0x0000000089500000| Untracked |  0
| 110|0x0000000089600000, 0x00000000896cfed8, 0x0000000089700000| 81%| S|CS|TAMS 0x0000000089600000| PB 0x0000000089600000| Complete |  0
| 111|0x0000000089700000, 0x0000000089800000, 0x0000000089800000|100%| S|CS|TAMS 0x0000000089700000| PB 0x0000000089700000| Complete |  0
| 112|0x0000000089800000, 0x0000000089800000, 0x0000000089900000|  0%| F|  |TAMS 0x0000000089800000| PB 0x0000000089800000| Untracked |  0
| 113|0x0000000089900000, 0x0000000089900000, 0x0000000089a00000|  0%| F|  |TAMS 0x0000000089900000| PB 0x0000000089900000| Untracked |  0
| 114|0x0000000089a00000, 0x0000000089a00000, 0x0000000089b00000|  0%| F|  |TAMS 0x0000000089a00000| PB 0x0000000089a00000| Untracked |  0
| 115|0x0000000089b00000, 0x0000000089b00000, 0x0000000089c00000|  0%| F|  |TAMS 0x0000000089b00000| PB 0x0000000089b00000| Untracked |  0
| 116|0x0000000089c00000, 0x0000000089c47b28, 0x0000000089d00000| 28%| E|  |TAMS 0x0000000089c00000| PB 0x0000000089c00000| Complete |  0
| 117|0x0000000089d00000, 0x0000000089e00000, 0x0000000089e00000|100%| E|CS|TAMS 0x0000000089d00000| PB 0x0000000089d00000| Complete |  0
| 118|0x0000000089e00000, 0x0000000089f00000, 0x0000000089f00000|100%| E|CS|TAMS 0x0000000089e00000| PB 0x0000000089e00000| Complete |  0
| 119|0x0000000089f00000, 0x000000008a000000, 0x000000008a000000|100%| E|CS|TAMS 0x0000000089f00000| PB 0x0000000089f00000| Complete |  0
| 120|0x000000008a000000, 0x000000008a100000, 0x000000008a100000|100%| E|CS|TAMS 0x000000008a000000| PB 0x000000008a000000| Complete |  0
| 121|0x000000008a100000, 0x000000008a200000, 0x000000008a200000|100%| E|CS|TAMS 0x000000008a100000| PB 0x000000008a100000| Complete |  0
| 122|0x000000008a200000, 0x000000008a300000, 0x000000008a300000|100%| E|CS|TAMS 0x000000008a200000| PB 0x000000008a200000| Complete |  0
| 123|0x000000008a300000, 0x000000008a400000, 0x000000008a400000|100%| E|CS|TAMS 0x000000008a300000| PB 0x000000008a300000| Complete |  0
| 124|0x000000008a400000, 0x000000008a500000, 0x000000008a500000|100%| E|CS|TAMS 0x000000008a400000| PB 0x000000008a400000| Complete |  0
| 125|0x000000008a500000, 0x000000008a600000, 0x000000008a600000|100%| E|CS|TAMS 0x000000008a500000| PB 0x000000008a500000| Complete |  0

Card table byte_map: [0x0000019d94080000,0x0000019d94470000] _byte_map_base: 0x0000019d93c6c000

Marking Bits: (CMBitMap*) 0x0000019dff8a32c0
 Bits: [0x0000019d94470000, 0x0000019d963d0000)

Polling page: 0x0000019dff010000

Metaspace:

Usage:
  Non-class:      4.01 MB used.
      Class:    597.67 KB used.
       Both:      4.59 MB used.

Virtual space:
  Non-class space:       64.00 MB reserved,       4.12 MB (  6%) committed,  1 nodes.
      Class space:        1.00 GB reserved,     704.00 KB ( <1%) committed,  1 nodes.
             Both:        1.06 GB reserved,       4.81 MB ( <1%) committed. 

Chunk freelists:
   Non-Class:  10.01 MB
       Class:  15.36 MB
        Both:  25.37 MB

MaxMetaspaceSize: unlimited
CompressedClassSpaceSize: 1.00 GB
Initial GC threshold: 21.00 MB
Current GC threshold: 21.00 MB
CDS: on
 - commit_granule_bytes: 65536.
 - commit_granule_words: 8192.
 - virtual_space_node_default_size: 8388608.
 - enlarge_chunks_in_place: 1.
 - use_allocation_guard: 0.


Internal statistics:

num_allocs_failed_limit: 0.
num_arena_births: 134.
num_arena_deaths: 0.
num_vsnodes_births: 2.
num_vsnodes_deaths: 0.
num_space_committed: 77.
num_space_uncommitted: 0.
num_chunks_returned_to_freelist: 0.
num_chunks_taken_from_freelist: 249.
num_chunk_merges: 0.
num_chunk_splits: 164.
num_chunks_enlarged: 111.
num_inconsistent_stats: 0.

CodeHeap 'non-profiled nmethods': size=120064Kb used=327Kb max_used=327Kb free=119736Kb
 bounds [0x0000019d8cb40000, 0x0000019d8cdb0000, 0x0000019d94080000]
CodeHeap 'profiled nmethods': size=120000Kb used=1268Kb max_used=1268Kb free=118731Kb
 bounds [0x0000019d85080000, 0x0000019d852f0000, 0x0000019d8c5b0000]
CodeHeap 'non-nmethods': size=5696Kb used=1396Kb max_used=1414Kb free=4299Kb
 bounds [0x0000019d8c5b0000, 0x0000019d8c820000, 0x0000019d8cb40000]
CodeCache: size=245760Kb, used=2991Kb, max_used=3009Kb, free=242766Kb
 total_blobs=1575, nmethods=1072, adapters=409, full_count=0
Compilation: enabled, stopped_count=0, restarted_count=0

Compilation events (20 events):
Event: 0.609 Thread 0x0000019d986779b0 nmethod 1021 0x0000019d8cb8e788 code [0x0000019d8cb8e8e0, 0x0000019d8cb8ed28]
Event: 0.609 Thread 0x0000019d98695f90 1025       3       sun.util.locale.BaseLocale$1::apply (45 bytes)
Event: 0.610 Thread 0x0000019d98695f90 nmethod 1025 0x0000019d851a1488 code [0x0000019d851a1620, 0x0000019d851a1b70]
Event: 0.610 Thread 0x0000019d98695f90 1026       3       sun.util.locale.StringTokenIterator::setStart (62 bytes)
Event: 0.610 Thread 0x0000019d98695f90 nmethod 1026 0x0000019d851a1c08 code [0x0000019d851a1d80, 0x0000019d851a2198]
Event: 0.610 Thread 0x0000019d98695f90 1027       3       sun.util.locale.LanguageTag::isLanguage (29 bytes)
Event: 0.611 Thread 0x0000019d98695f90 nmethod 1027 0x0000019d851a2208 code [0x0000019d851a23e0, 0x0000019d851a2e08]
Event: 0.611 Thread 0x0000019d98695f90 1028       3       sun.util.locale.InternalLocaleBuilder::clear (31 bytes)
Event: 0.611 Thread 0x0000019d98695f90 nmethod 1028 0x0000019d851a2e88 code [0x0000019d851a2fc0, 0x0000019d851a32c8]
Event: 0.611 Thread 0x0000019d98695f90 1029       3       sun.util.locale.LanguageTag::getExtlangs (24 bytes)
Event: 0.611 Thread 0x0000019d98695f90 nmethod 1029 0x0000019d851a3308 code [0x0000019d851a3460, 0x0000019d851a3730]
Event: 0.611 Thread 0x0000019d98695f90 1030       3       sun.util.locale.LanguageTag::getVariants (24 bytes)
Event: 0.611 Thread 0x0000019d98695f90 nmethod 1030 0x0000019d851a3788 code [0x0000019d851a38e0, 0x0000019d851a3bb0]
Event: 0.611 Thread 0x0000019d98695f90 1031       3       sun.util.locale.LanguageTag::getExtensions (24 bytes)
Event: 0.611 Thread 0x0000019d98695f90 nmethod 1031 0x0000019d851a3c08 code [0x0000019d851a3d60, 0x0000019d851a4030]
Event: 0.611 Thread 0x0000019d98695f90 1032       3       sun.util.locale.InternalLocaleBuilder::setExtensions (202 bytes)
Event: 0.612 Thread 0x0000019d986779b0 1042       4       java.util.stream.ReferencePipeline$3$1::accept (23 bytes)
Event: 0.613 Thread 0x0000019d986779b0 nmethod 1042 0x0000019d8cb8ed88 code [0x0000019d8cb8eea0, 0x0000019d8cb8ef80]
Event: 0.614 Thread 0x0000019d98695f90 nmethod 1032 0x0000019d851a4088 code [0x0000019d851a4500, 0x0000019d851a6c80]
Event: 0.614 Thread 0x0000019d98695f90 1043       3       sun.util.locale.LocaleUtils::toTitleString (139 bytes)

GC Heap History (2 events):
Event: 0.401 GC heap before
{Heap before GC invocations=0 (full 0):
 garbage-first heap   total reserved 2056192K, committed 129024K, used 13312K [0x0000000082800000, 0x0000000100000000)
  region size 1024K, 14 young (14336K), 0 survivors (0K)
 Metaspace       used 3065K, committed 3264K, reserved 1114112K
  class space    used 359K, committed 448K, reserved 1048576K
}
Event: 0.405 GC heap after
{Heap after GC invocations=1 (full 0):
 garbage-first heap   total reserved 2056192K, committed 129024K, used 1855K [0x0000000082800000, 0x0000000100000000)
  region size 1024K, 2 young (2048K), 2 survivors (2048K)
 Metaspace       used 3065K, committed 3264K, reserved 1114112K
  class space    used 359K, committed 448K, reserved 1048576K
}

Dll operation events (20 events):
Event: 0.335 Loaded shared library D:\Eclipse\javafx-sdk-25.0.1\bin\api-ms-win-crt-heap-l1-1-0.dll
Event: 0.335 Loaded shared library D:\Eclipse\javafx-sdk-25.0.1\bin\api-ms-win-crt-locale-l1-1-0.dll
Event: 0.336 Loaded shared library D:\Eclipse\javafx-sdk-25.0.1\bin\api-ms-win-crt-math-l1-1-0.dll
Event: 0.336 Loaded shared library D:\Eclipse\javafx-sdk-25.0.1\bin\api-ms-win-crt-multibyte-l1-1-0.dll
Event: 0.337 Loaded shared library D:\Eclipse\javafx-sdk-25.0.1\bin\api-ms-win-crt-private-l1-1-0.dll
Event: 0.337 Loaded shared library D:\Eclipse\javafx-sdk-25.0.1\bin\api-ms-win-crt-process-l1-1-0.dll
Event: 0.338 Loaded shared library D:\Eclipse\javafx-sdk-25.0.1\bin\api-ms-win-crt-runtime-l1-1-0.dll
Event: 0.338 Loaded shared library D:\Eclipse\javafx-sdk-25.0.1\bin\api-ms-win-crt-stdio-l1-1-0.dll
Event: 0.339 Loaded shared library D:\Eclipse\javafx-sdk-25.0.1\bin\api-ms-win-crt-string-l1-1-0.dll
Event: 0.339 Loaded shared library D:\Eclipse\javafx-sdk-25.0.1\bin\api-ms-win-crt-time-l1-1-0.dll
Event: 0.340 Loaded shared library D:\Eclipse\javafx-sdk-25.0.1\bin\api-ms-win-crt-utility-l1-1-0.dll
Event: 0.341 Loaded shared library D:\Eclipse\javafx-sdk-25.0.1\bin\ucrtbase.dll
Event: 0.341 Loaded shared library D:\Eclipse\javafx-sdk-25.0.1\bin\vcruntime140.dll
Event: 0.342 Loaded shared library D:\Eclipse\javafx-sdk-25.0.1\bin\vcruntime140_1.dll
Event: 0.342 Loaded shared library D:\Eclipse\javafx-sdk-25.0.1\bin\msvcp140.dll
Event: 0.343 Loaded shared library D:\Eclipse\javafx-sdk-25.0.1\bin\msvcp140_1.dll
Event: 0.343 Loaded shared library D:\Eclipse\javafx-sdk-25.0.1\bin\msvcp140_2.dll
Event: 0.369 Loaded shared library D:\Eclipse\javafx-sdk-25.0.1\bin\prism_d3d.dll
Event: 0.415 Loaded shared library D:\Eclipse\javafx-sdk-25.0.1\bin\glass.dll
Event: 0.570 Loaded shared library C:\Users\ivanr\.p2\pool\plugins\org.eclipse.justj.openjdk.hotspot.jre.full.win32.x86_64_23.0.2.v20250131-0604\jre\bin\jimage.dll

Deoptimization events (20 events):
Event: 0.296 Thread 0x0000019dfe8de120 Uncommon trap: trap_request=0xffffffde fr.pc=0x0000019d8cb70db4 relative=0x0000000000000114
Event: 0.296 Thread 0x0000019dfe8de120 Uncommon trap: reason=class_check action=maybe_recompile pc=0x0000019d8cb70db4 method=jdk.internal.misc.Unsafe.allocateUninitializedArray(Ljava/lang/Class;I)Ljava/lang/Object; @ 51 c2
Event: 0.296 Thread 0x0000019dfe8de120 DEOPT PACKING pc=0x0000019d8cb70db4 sp=0x00000071585f9ab0
Event: 0.296 Thread 0x0000019dfe8de120 DEOPT UNPACKING pc=0x0000019d8c604402 sp=0x00000071585f9a40 mode 2
Event: 0.412 Thread 0x0000019dfe8de120 Uncommon trap: trap_request=0xffffffc6 fr.pc=0x0000019d8cb638a4 relative=0x0000000000000cc4
Event: 0.412 Thread 0x0000019dfe8de120 Uncommon trap: reason=bimorphic_or_optimized_type_check action=maybe_recompile pc=0x0000019d8cb638a4 method=java.util.HashMap.putVal(ILjava/lang/Object;Ljava/lang/Object;ZZ)Ljava/lang/Object; @ 56 c2
Event: 0.412 Thread 0x0000019dfe8de120 DEOPT PACKING pc=0x0000019d8cb638a4 sp=0x00000071585fda60
Event: 0.412 Thread 0x0000019dfe8de120 DEOPT UNPACKING pc=0x0000019d8c604402 sp=0x00000071585fd9f8 mode 2
Event: 0.412 Thread 0x0000019dfe8de120 Uncommon trap: trap_request=0xffffffc6 fr.pc=0x0000019d8cb638a4 relative=0x0000000000000cc4
Event: 0.412 Thread 0x0000019dfe8de120 Uncommon trap: reason=bimorphic_or_optimized_type_check action=maybe_recompile pc=0x0000019d8cb638a4 method=java.util.HashMap.putVal(ILjava/lang/Object;Ljava/lang/Object;ZZ)Ljava/lang/Object; @ 56 c2
Event: 0.412 Thread 0x0000019dfe8de120 DEOPT PACKING pc=0x0000019d8cb638a4 sp=0x00000071585fda60
Event: 0.412 Thread 0x0000019dfe8de120 DEOPT UNPACKING pc=0x0000019d8c604402 sp=0x00000071585fd9f8 mode 2
Event: 0.412 Thread 0x0000019dfe8de120 Uncommon trap: trap_request=0xffffffc6 fr.pc=0x0000019d8cb638a4 relative=0x0000000000000cc4
Event: 0.412 Thread 0x0000019dfe8de120 Uncommon trap: reason=bimorphic_or_optimized_type_check action=maybe_recompile pc=0x0000019d8cb638a4 method=java.util.HashMap.putVal(ILjava/lang/Object;Ljava/lang/Object;ZZ)Ljava/lang/Object; @ 56 c2
Event: 0.412 Thread 0x0000019dfe8de120 DEOPT PACKING pc=0x0000019d8cb638a4 sp=0x00000071585fda60
Event: 0.412 Thread 0x0000019dfe8de120 DEOPT UNPACKING pc=0x0000019d8c604402 sp=0x00000071585fd9f8 mode 2
Event: 0.412 Thread 0x0000019dfe8de120 Uncommon trap: trap_request=0xffffffc6 fr.pc=0x0000019d8cb638a4 relative=0x0000000000000cc4
Event: 0.412 Thread 0x0000019dfe8de120 Uncommon trap: reason=bimorphic_or_optimized_type_check action=maybe_recompile pc=0x0000019d8cb638a4 method=java.util.HashMap.putVal(ILjava/lang/Object;Ljava/lang/Object;ZZ)Ljava/lang/Object; @ 56 c2
Event: 0.412 Thread 0x0000019dfe8de120 DEOPT PACKING pc=0x0000019d8cb638a4 sp=0x00000071585fda60
Event: 0.412 Thread 0x0000019dfe8de120 DEOPT UNPACKING pc=0x0000019d8c604402 sp=0x00000071585fd9f8 mode 2

Classes loaded (20 events):
Event: 0.573 Loading class jdk/internal/jimage/decompressor/StringSharingDecompressorFactory
Event: 0.573 Loading class jdk/internal/jimage/decompressor/StringSharingDecompressorFactory done
Event: 0.573 Loading class jdk/internal/jimage/decompressor/ZipDecompressor
Event: 0.573 Loading class jdk/internal/jimage/decompressor/ResourceDecompressor
Event: 0.573 Loading class jdk/internal/jimage/decompressor/ResourceDecompressor done
Event: 0.573 Loading class jdk/internal/jimage/decompressor/ZipDecompressor done
Event: 0.573 Loading class sun/net/www/protocol/jrt/Handler
Event: 0.573 Loading class sun/net/www/protocol/jrt/Handler done
Event: 0.576 Loading class java/lang/NoSuchFieldError
Event: 0.576 Loading class java/lang/NoSuchFieldError done
Event: 0.576 Loading class sun/util/locale/provider/LocaleServiceProviderPool$AllAvailableLocales
Event: 0.576 Loading class sun/util/locale/provider/LocaleServiceProviderPool$AllAvailableLocales done
Event: 0.579 Loading class sun/util/locale/provider/FallbackLocaleProviderAdapter
Event: 0.579 Loading class sun/util/locale/provider/FallbackLocaleProviderAdapter done
Event: 0.580 Loading class sun/util/locale/provider/BreakIteratorProviderImpl
Event: 0.580 Loading class sun/util/locale/provider/BreakIteratorProviderImpl done
Event: 0.580 Loading class sun/util/locale/provider/BaseLocaleDataMetaInfo
Event: 0.580 Loading class sun/util/locale/provider/BaseLocaleDataMetaInfo done
Event: 0.584 Loading class sun/util/locale/provider/CollatorProviderImpl
Event: 0.584 Loading class sun/util/locale/provider/CollatorProviderImpl done

Classes unloaded (0 events):
No events

Classes redefined (0 events):
No events

Internal exceptions (12 events):
Event: 0.066 Thread 0x0000019dfe8de120 Exception <a 'java/lang/NoSuchMethodError'{0x000000008a446570}: 'void java.lang.invoke.DirectMethodHandle$Holder.invokeVirtual(java.lang.Object, java.lang.Object)'> (0x000000008a446570) 
thrown [s\src\hotspot\share\interpreter\linkResolver.cpp, line 796]
Event: 0.069 Thread 0x0000019dfe8de120 Exception <a 'java/lang/NoSuchMethodError'{0x000000008a499890}: 'java.lang.Object java.lang.invoke.DirectMethodHandle$Holder.invokeInterface(java.lang.Object, java.lang.Object, java.lang.Object)'> (0x000000008a499890) 
thrown [s\src\hotspot\share\interpreter\linkResolver.cpp, line 796]
Event: 0.257 Thread 0x0000019dfe8de120 Exception <a 'java/lang/NoSuchMethodError'{0x0000000089d61b68}: 'void java.lang.invoke.DirectMethodHandle$Holder.invokeSpecial(java.lang.Object, java.lang.Object, java.lang.Object)'> (0x0000000089d61b68) 
thrown [s\src\hotspot\share\interpreter\linkResolver.cpp, line 796]
Event: 0.259 Thread 0x0000019dfe8de120 Exception <a 'java/lang/NoSuchMethodError'{0x0000000089d6b2a0}: 'void java.lang.invoke.DirectMethodHandle$Holder.invokeStatic(java.lang.Object, int, java.lang.Object)'> (0x0000000089d6b2a0) 
thrown [s\src\hotspot\share\interpreter\linkResolver.cpp, line 796]
Event: 0.280 Thread 0x0000019dfe8de120 Exception <a 'java/lang/NoSuchMethodError'{0x0000000089dcef78}: 'void java.lang.invoke.DirectMethodHandle$Holder.invokeStatic(java.lang.Object, java.lang.Object, java.lang.Object, java.lang.Object)'> (0x0000000089dcef78) 
thrown [s\src\hotspot\share\interpreter\linkResolver.cpp, line 796]
Event: 0.280 Thread 0x0000019dfe8de120 Exception <a 'java/lang/NoSuchMethodError'{0x0000000089dd2c98}: 'void java.lang.invoke.DirectMethodHandle$Holder.invokeSpecial(java.lang.Object, java.lang.Object, java.lang.Object, java.lang.Object, java.lang.Object)'> (0x0000000089dd2c98) 
thrown [s\src\hotspot\share\interpreter\linkResolver.cpp, line 796]
Event: 0.284 Thread 0x0000019dfe8de120 Exception <a 'java/lang/NoSuchMethodError'{0x0000000089df32a8}: 'void java.lang.invoke.DirectMethodHandle$Holder.invokeStatic(java.lang.Object, java.lang.Object)'> (0x0000000089df32a8) 
thrown [s\src\hotspot\share\interpreter\linkResolver.cpp, line 796]
Event: 0.396 Thread 0x0000019dfe8de120 Exception <a 'java/lang/NoSuchMethodError'{0x0000000089835b80}: 'int java.lang.invoke.DirectMethodHandle$Holder.invokeStaticInit(java.lang.Object, java.lang.Object, java.lang.Object)'> (0x0000000089835b80) 
thrown [s\src\hotspot\share\interpreter\linkResolver.cpp, line 796]
Event: 0.418 Thread 0x0000019dfe8de120 Exception <a 'java/lang/NoSuchMethodError'{0x000000008a5d3f60}: 'java.lang.Object java.lang.invoke.DirectMethodHandle$Holder.newInvokeSpecial(java.lang.Object, java.lang.Object, int, java.lang.Object)'> (0x000000008a5d3f60) 
thrown [s\src\hotspot\share\interpreter\linkResolver.cpp, line 796]
Event: 0.419 Thread 0x0000019dfe8de120 Exception <a 'java/lang/NoSuchMethodError'{0x000000008a5d8640}: 'java.lang.Object java.lang.invoke.DirectMethodHandle$Holder.invokeSpecial(java.lang.Object, java.lang.Object, java.lang.Object, int, java.lang.Object)'> (0x000000008a5d8640) 
thrown [s\src\hotspot\share\interpreter\linkResolver.cpp, line 796]
Event: 0.506 Thread 0x0000019dde2864f0 Exception <a 'java/lang/NoSuchMethodError'{0x000000008a344358}: 'void java.lang.invoke.DirectMethodHandle$Holder.invokeStaticInit(java.lang.Object)'> (0x000000008a344358) 
thrown [s\src\hotspot\share\interpreter\linkResolver.cpp, line 796]
Event: 0.512 Thread 0x0000019dfe8de120 Exception <a 'java/lang/NoSuchMethodError'{0x000000008a5e26c8}: 'java.lang.Object java.lang.invoke.DirectMethodHandle$Holder.newInvokeSpecial(java.lang.Object, java.lang.Object, java.lang.Object, java.lang.Object, java.lang.Object, java.lang.Object)'> (0x000000008a5e26c8) 
thrown [s\src\hotspot\share\interpreter\linkResolver.cpp, line 796]

VM Operations (8 events):
Event: 0.189 Executing VM operation: HandshakeAllThreads (Deoptimize)
Event: 0.190 Executing VM operation: HandshakeAllThreads (Deoptimize) done
Event: 0.401 Executing VM operation: G1CollectForAllocation (G1 Evacuation Pause)
Event: 0.405 Executing VM operation: G1CollectForAllocation (G1 Evacuation Pause) done
Event: 0.412 Executing VM operation: HandshakeAllThreads (Deoptimize)
Event: 0.412 Executing VM operation: HandshakeAllThreads (Deoptimize) done
Event: 0.582 Executing VM operation: HandshakeAllThreads (Deoptimize)
Event: 0.582 Executing VM operation: HandshakeAllThreads (Deoptimize) done

Memory protections (0 events):
No events

Nmethod flushes (0 events):
No events

Events (17 events):
Event: 0.018 Thread 0x0000019dfe8de120 Thread added: 0x0000019dfe8de120
Event: 0.027 Thread 0x0000019dfe8de120 Thread added: 0x0000019d9866d8b0
Event: 0.028 Thread 0x0000019dfe8de120 Thread added: 0x0000019d9866f890
Event: 0.028 Thread 0x0000019dfe8de120 Thread added: 0x0000019d98672080
Event: 0.028 Thread 0x0000019dfe8de120 Thread added: 0x0000019d98675400
Event: 0.028 Thread 0x0000019dfe8de120 Thread added: 0x0000019d98675e60
Event: 0.028 Thread 0x0000019dfe8de120 Thread added: 0x0000019d98676a70
Event: 0.028 Thread 0x0000019dfe8de120 Thread added: 0x0000019d986779b0
Event: 0.028 Thread 0x0000019dfe8de120 Thread added: 0x0000019d98695f90
Event: 0.047 Thread 0x0000019dfe8de120 Thread added: 0x0000019d9879c130
Event: 0.139 Thread 0x0000019d98695f90 Thread added: 0x0000019d987c37d0
Event: 0.205 Thread 0x0000019dfe8de120 Thread added: 0x0000019dde655040
Event: 0.364 Thread 0x0000019dfe8de120 Thread added: 0x0000019dde80a2c0
Event: 0.416 Thread 0x0000019dfe8de120 Thread added: 0x0000019dde294890
Event: 0.420 Thread 0x0000019dfe8de120 Thread added: 0x0000019dde2864f0
Event: 0.538 Thread 0x0000019dde456d20 Thread added: 0x0000019dde456d20
Event: 0.538 Thread 0x0000019dfe8de120 Thread added: 0x0000019dde4593a0


Dynamic libraries:
0x00007ff63d9f0000 - 0x00007ff63d9fe000 	C:\Users\ivanr\.p2\pool\plugins\org.eclipse.justj.openjdk.hotspot.jre.full.win32.x86_64_23.0.2.v20250131-0604\jre\bin\javaw.exe
0x00007ffe2bcb0000 - 0x00007ffe2bec7000 	C:\WINDOWS\SYSTEM32\ntdll.dll
0x00007ffe2b6f0000 - 0x00007ffe2b7b4000 	C:\WINDOWS\System32\KERNEL32.DLL
0x00007ffe29370000 - 0x00007ffe29742000 	C:\WINDOWS\System32\KERNELBASE.dll
0x00007ffe29220000 - 0x00007ffe29331000 	C:\WINDOWS\System32\ucrtbase.dll
0x00007ffe22ba0000 - 0x00007ffe22bb7000 	C:\Users\ivanr\.p2\pool\plugins\org.eclipse.justj.openjdk.hotspot.jre.full.win32.x86_64_23.0.2.v20250131-0604\jre\bin\jli.dll
0x00007ffe13c30000 - 0x00007ffe13c4e000 	C:\Users\ivanr\.p2\pool\plugins\org.eclipse.justj.openjdk.hotspot.jre.full.win32.x86_64_23.0.2.v20250131-0604\jre\bin\VCRUNTIME140.dll
0x00007ffe2a4d0000 - 0x00007ffe2a681000 	C:\WINDOWS\System32\USER32.dll
0x00007ffe29340000 - 0x00007ffe29366000 	C:\WINDOWS\System32\win32u.dll
0x00007ffe15f40000 - 0x00007ffe161db000 	C:\WINDOWS\WinSxS\amd64_microsoft.windows.common-controls_6595b64144ccf1df_6.0.22621.5547_none_27104afb73855772\COMCTL32.dll
0x00007ffe2b8b0000 - 0x00007ffe2b8d9000 	C:\WINDOWS\System32\GDI32.dll
0x00007ffe2b8e0000 - 0x00007ffe2b987000 	C:\WINDOWS\System32\msvcrt.dll
0x00007ffe28da0000 - 0x00007ffe28ec3000 	C:\WINDOWS\System32\gdi32full.dll
0x00007ffe28ed0000 - 0x00007ffe28f6a000 	C:\WINDOWS\System32\msvcp_win.dll
0x00007ffe2ae50000 - 0x00007ffe2ae81000 	C:\WINDOWS\System32\IMM32.DLL
0x00007ffe1f350000 - 0x00007ffe1f35c000 	C:\Users\ivanr\.p2\pool\plugins\org.eclipse.justj.openjdk.hotspot.jre.full.win32.x86_64_23.0.2.v20250131-0604\jre\bin\vcruntime140_1.dll
0x00007ffdf5fe0000 - 0x00007ffdf606d000 	C:\Users\ivanr\.p2\pool\plugins\org.eclipse.justj.openjdk.hotspot.jre.full.win32.x86_64_23.0.2.v20250131-0604\jre\bin\msvcp140.dll
0x00007ffd80890000 - 0x00007ffd8165e000 	C:\Users\ivanr\.p2\pool\plugins\org.eclipse.justj.openjdk.hotspot.jre.full.win32.x86_64_23.0.2.v20250131-0604\jre\bin\server\jvm.dll
0x00007ffe2b9b0000 - 0x00007ffe2ba61000 	C:\WINDOWS\System32\ADVAPI32.dll
0x00007ffe2afa0000 - 0x00007ffe2b048000 	C:\WINDOWS\System32\sechost.dll
0x00007ffe29910000 - 0x00007ffe29938000 	C:\WINDOWS\System32\bcrypt.dll
0x00007ffe2b400000 - 0x00007ffe2b514000 	C:\WINDOWS\System32\RPCRT4.dll
0x00007ffe2a710000 - 0x00007ffe2a781000 	C:\WINDOWS\System32\WS2_32.dll
0x00007ffe28c70000 - 0x00007ffe28cbd000 	C:\WINDOWS\SYSTEM32\POWRPROF.dll
0x00007ffe21470000 - 0x00007ffe214a4000 	C:\WINDOWS\SYSTEM32\WINMM.dll
0x00007ffe19910000 - 0x00007ffe1991a000 	C:\WINDOWS\SYSTEM32\VERSION.dll
0x00007ffe28c50000 - 0x00007ffe28c63000 	C:\WINDOWS\SYSTEM32\UMPDC.dll
0x00007ffe27d90000 - 0x00007ffe27da8000 	C:\WINDOWS\SYSTEM32\kernel.appcore.dll
0x00007ffe13c10000 - 0x00007ffe13c1a000 	C:\Users\ivanr\.p2\pool\plugins\org.eclipse.justj.openjdk.hotspot.jre.full.win32.x86_64_23.0.2.v20250131-0604\jre\bin\jimage.dll
0x00007ffe26790000 - 0x00007ffe269c3000 	C:\WINDOWS\SYSTEM32\DBGHELP.DLL
0x00007ffe2b050000 - 0x00007ffe2b3e3000 	C:\WINDOWS\System32\combase.dll
0x00007ffe2b7d0000 - 0x00007ffe2b8a7000 	C:\WINDOWS\System32\OLEAUT32.dll
0x00007ffe00110000 - 0x00007ffe00142000 	C:\WINDOWS\SYSTEM32\dbgcore.DLL
0x00007ffe290e0000 - 0x00007ffe2915b000 	C:\WINDOWS\System32\bcryptPrimitives.dll
0x00007ffe01130000 - 0x00007ffe0114e000 	C:\Users\ivanr\.p2\pool\plugins\org.eclipse.justj.openjdk.hotspot.jre.full.win32.x86_64_23.0.2.v20250131-0604\jre\bin\java.dll
0x00007ffe2a330000 - 0x00007ffe2a4d0000 	C:\WINDOWS\System32\ole32.dll
0x00007ffe299f0000 - 0x00007ffe2a292000 	C:\WINDOWS\System32\SHELL32.dll
0x00007ffe297d0000 - 0x00007ffe2990f000 	C:\WINDOWS\System32\wintypes.dll
0x00007ffe26c80000 - 0x00007ffe2759d000 	C:\WINDOWS\SYSTEM32\windows.storage.dll
0x00007ffe2ae90000 - 0x00007ffe2af9c000 	C:\WINDOWS\System32\SHCORE.dll
0x00007ffe2bb90000 - 0x00007ffe2bbf9000 	C:\WINDOWS\System32\shlwapi.dll
0x00007ffe28cd0000 - 0x00007ffe28cfb000 	C:\WINDOWS\SYSTEM32\profapi.dll
0x00007ffe08c50000 - 0x00007ffe08c60000 	C:\Users\ivanr\.p2\pool\plugins\org.eclipse.justj.openjdk.hotspot.jre.full.win32.x86_64_23.0.2.v20250131-0604\jre\bin\net.dll
0x00007ffe28210000 - 0x00007ffe28279000 	C:\WINDOWS\system32\mswsock.dll
0x00007ffdfefb0000 - 0x00007ffdfefc6000 	C:\Users\ivanr\.p2\pool\plugins\org.eclipse.justj.openjdk.hotspot.jre.full.win32.x86_64_23.0.2.v20250131-0604\jre\bin\nio.dll
0x00007ffdff040000 - 0x00007ffdff057000 	C:\Users\ivanr\.p2\pool\plugins\org.eclipse.justj.openjdk.hotspot.jre.full.win32.x86_64_23.0.2.v20250131-0604\jre\bin\zip.dll
0x0000019d98c40000 - 0x0000019d98c44000 	D:\Eclipse\javafx-sdk-25.0.1\bin\api-ms-win-core-console-l1-1-0.dll
0x0000019d98c50000 - 0x0000019d98c54000 	D:\Eclipse\javafx-sdk-25.0.1\bin\api-ms-win-core-console-l1-2-0.dll
0x0000019d98c60000 - 0x0000019d98c64000 	D:\Eclipse\javafx-sdk-25.0.1\bin\api-ms-win-core-datetime-l1-1-0.dll
0x0000019d98c70000 - 0x0000019d98c74000 	D:\Eclipse\javafx-sdk-25.0.1\bin\api-ms-win-core-debug-l1-1-0.dll
0x0000019d98c80000 - 0x0000019d98c84000 	D:\Eclipse\javafx-sdk-25.0.1\bin\api-ms-win-core-errorhandling-l1-1-0.dll
0x0000019d98c90000 - 0x0000019d98c95000 	D:\Eclipse\javafx-sdk-25.0.1\bin\api-ms-win-core-file-l1-1-0.dll
0x0000019d98ca0000 - 0x0000019d98ca4000 	D:\Eclipse\javafx-sdk-25.0.1\bin\api-ms-win-core-file-l1-2-0.dll
0x0000019d98cb0000 - 0x0000019d98cb4000 	D:\Eclipse\javafx-sdk-25.0.1\bin\api-ms-win-core-file-l2-1-0.dll
0x0000019d98cc0000 - 0x0000019d98cc4000 	D:\Eclipse\javafx-sdk-25.0.1\bin\api-ms-win-core-handle-l1-1-0.dll
0x0000019d98cd0000 - 0x0000019d98cd4000 	D:\Eclipse\javafx-sdk-25.0.1\bin\api-ms-win-core-heap-l1-1-0.dll
0x0000019d98ce0000 - 0x0000019d98ce4000 	D:\Eclipse\javafx-sdk-25.0.1\bin\api-ms-win-core-interlocked-l1-1-0.dll
0x0000019d98cf0000 - 0x0000019d98cf4000 	D:\Eclipse\javafx-sdk-25.0.1\bin\api-ms-win-core-libraryloader-l1-1-0.dll
0x0000019d98d00000 - 0x0000019d98d04000 	D:\Eclipse\javafx-sdk-25.0.1\bin\api-ms-win-core-localization-l1-2-0.dll
0x0000019d98d10000 - 0x0000019d98d14000 	D:\Eclipse\javafx-sdk-25.0.1\bin\api-ms-win-core-memory-l1-1-0.dll
0x0000019d98d20000 - 0x0000019d98d24000 	D:\Eclipse\javafx-sdk-25.0.1\bin\api-ms-win-core-namedpipe-l1-1-0.dll
0x0000019d98d30000 - 0x0000019d98d34000 	D:\Eclipse\javafx-sdk-25.0.1\bin\api-ms-win-core-processenvironment-l1-1-0.dll
0x0000019d98d40000 - 0x0000019d98d44000 	D:\Eclipse\javafx-sdk-25.0.1\bin\api-ms-win-core-processthreads-l1-1-0.dll
0x0000019d98d50000 - 0x0000019d98d54000 	D:\Eclipse\javafx-sdk-25.0.1\bin\api-ms-win-core-processthreads-l1-1-1.dll
0x0000019d98d60000 - 0x0000019d98d64000 	D:\Eclipse\javafx-sdk-25.0.1\bin\api-ms-win-core-profile-l1-1-0.dll
0x0000019d98d70000 - 0x0000019d98d74000 	D:\Eclipse\javafx-sdk-25.0.1\bin\api-ms-win-core-rtlsupport-l1-1-0.dll
0x0000019d98d80000 - 0x0000019d98d84000 	D:\Eclipse\javafx-sdk-25.0.1\bin\api-ms-win-core-string-l1-1-0.dll
0x0000019d98d90000 - 0x0000019d98d94000 	D:\Eclipse\javafx-sdk-25.0.1\bin\api-ms-win-core-synch-l1-1-0.dll
0x0000019d98da0000 - 0x0000019d98da4000 	D:\Eclipse\javafx-sdk-25.0.1\bin\api-ms-win-core-synch-l1-2-0.dll
0x0000019d98db0000 - 0x0000019d98db4000 	D:\Eclipse\javafx-sdk-25.0.1\bin\api-ms-win-core-sysinfo-l1-1-0.dll
0x0000019d98dc0000 - 0x0000019d98dc4000 	D:\Eclipse\javafx-sdk-25.0.1\bin\api-ms-win-core-timezone-l1-1-0.dll
0x0000019d98dd0000 - 0x0000019d98dd4000 	D:\Eclipse\javafx-sdk-25.0.1\bin\api-ms-win-core-util-l1-1-0.dll
0x0000019d98de0000 - 0x0000019d98de4000 	D:\Eclipse\javafx-sdk-25.0.1\bin\api-ms-win-crt-conio-l1-1-0.dll
0x0000019d98df0000 - 0x0000019d98df5000 	D:\Eclipse\javafx-sdk-25.0.1\bin\api-ms-win-crt-convert-l1-1-0.dll
0x0000019d98e00000 - 0x0000019d98e04000 	D:\Eclipse\javafx-sdk-25.0.1\bin\api-ms-win-crt-environment-l1-1-0.dll
0x0000019d98e10000 - 0x0000019d98e14000 	D:\Eclipse\javafx-sdk-25.0.1\bin\api-ms-win-crt-filesystem-l1-1-0.dll
0x0000019d98e20000 - 0x0000019d98e24000 	D:\Eclipse\javafx-sdk-25.0.1\bin\api-ms-win-crt-heap-l1-1-0.dll
0x0000019d98e30000 - 0x0000019d98e34000 	D:\Eclipse\javafx-sdk-25.0.1\bin\api-ms-win-crt-locale-l1-1-0.dll
0x0000019d98e40000 - 0x0000019d98e46000 	D:\Eclipse\javafx-sdk-25.0.1\bin\api-ms-win-crt-math-l1-1-0.dll
0x0000019d98e50000 - 0x0000019d98e56000 	D:\Eclipse\javafx-sdk-25.0.1\bin\api-ms-win-crt-multibyte-l1-1-0.dll
0x0000019d98e60000 - 0x0000019d98e71000 	D:\Eclipse\javafx-sdk-25.0.1\bin\api-ms-win-crt-private-l1-1-0.dll
0x0000019d98e80000 - 0x0000019d98e84000 	D:\Eclipse\javafx-sdk-25.0.1\bin\api-ms-win-crt-process-l1-1-0.dll
0x0000019d98e90000 - 0x0000019d98e95000 	D:\Eclipse\javafx-sdk-25.0.1\bin\api-ms-win-crt-runtime-l1-1-0.dll
0x0000019d98ea0000 - 0x0000019d98ea5000 	D:\Eclipse\javafx-sdk-25.0.1\bin\api-ms-win-crt-stdio-l1-1-0.dll
0x0000019d98eb0000 - 0x0000019d98eb5000 	D:\Eclipse\javafx-sdk-25.0.1\bin\api-ms-win-crt-string-l1-1-0.dll
0x0000019d98ec0000 - 0x0000019d98ec4000 	D:\Eclipse\javafx-sdk-25.0.1\bin\api-ms-win-crt-time-l1-1-0.dll
0x0000019d98ed0000 - 0x0000019d98ed4000 	D:\Eclipse\javafx-sdk-25.0.1\bin\api-ms-win-crt-utility-l1-1-0.dll
0x00007ffddf410000 - 0x00007ffddf521000 	D:\Eclipse\javafx-sdk-25.0.1\bin\ucrtbase.dll
0x00007ffe13a50000 - 0x00007ffe13a6e000 	D:\Eclipse\javafx-sdk-25.0.1\bin\vcruntime140.dll
0x00007ffe22c30000 - 0x00007ffe22c3c000 	D:\Eclipse\javafx-sdk-25.0.1\bin\vcruntime140_1.dll
0x00007ffde4390000 - 0x00007ffde441d000 	D:\Eclipse\javafx-sdk-25.0.1\bin\msvcp140.dll
0x00007ffe19cb0000 - 0x00007ffe19cb9000 	D:\Eclipse\javafx-sdk-25.0.1\bin\msvcp140_1.dll
0x00007ffde6390000 - 0x00007ffde63d1000 	D:\Eclipse\javafx-sdk-25.0.1\bin\msvcp140_2.dll
0x00007ffe139f0000 - 0x00007ffe13a20000 	D:\Eclipse\javafx-sdk-25.0.1\bin\prism_d3d.dll
0x00007ffd8d0c0000 - 0x00007ffd8d268000 	C:\WINDOWS\system32\d3d9.dll
0x00007ffe26230000 - 0x00007ffe2625e000 	C:\WINDOWS\SYSTEM32\dwmapi.dll
0x00007ffe260d0000 - 0x00007ffe26107000 	C:\WINDOWS\SYSTEM32\dxcore.dll
0x00007ffe25fc0000 - 0x00007ffe26074000 	C:\WINDOWS\system32\uxtheme.dll
0x00007ffd8cf50000 - 0x00007ffd8d0b3000 	C:\WINDOWS\System32\DriverStore\FileRepository\iigd_dch.inf_amd64_35bb87b7e5b3c943\igdumdim64.dll
0x00007ffd7b2f0000 - 0x00007ffd7fa75000 	C:\WINDOWS\System32\DriverStore\FileRepository\iigd_dch.inf_amd64_35bb87b7e5b3c943\igd9dxva64.dll
0x00007ffe2a870000 - 0x00007ffe2ace4000 	C:\WINDOWS\System32\SETUPAPI.dll
0x00007ffe289a0000 - 0x00007ffe289ee000 	C:\WINDOWS\SYSTEM32\cfgmgr32.dll
0x00007ffe1d2d0000 - 0x00007ffe1d551000 	C:\WINDOWS\System32\DriverStore\FileRepository\iigd_dch.inf_amd64_35bb87b7e5b3c943\igdgmm64.dll
0x00007ffe21bb0000 - 0x00007ffe21bfa000 	C:\WINDOWS\SYSTEM32\directxdatabasehelper.dll
0x00007ffde4540000 - 0x00007ffde4589000 	D:\Eclipse\javafx-sdk-25.0.1\bin\glass.dll
0x00007ffe2ba80000 - 0x00007ffe2bb85000 	C:\WINDOWS\System32\COMDLG32.dll
0x00007ffe29940000 - 0x00007ffe299f0000 	C:\WINDOWS\System32\clbcatq.dll
0x00007ffe199f0000 - 0x00007ffe19b6e000 	C:\Windows\System32\Windows.UI.dll
0x00007ffdfe6b0000 - 0x00007ffdfe79d000 	C:\Windows\System32\Windows.Networking.Connectivity.dll
0x00007ffe2acf0000 - 0x00007ffe2ae50000 	C:\WINDOWS\System32\MSCTF.dll
0x00007ffdf63f0000 - 0x00007ffdf6417000 	C:\WINDOWS\System32\DriverStore\FileRepository\iigd_dch.inf_amd64_35bb87b7e5b3c943\igdinfo64.dll
0x00007ffe18520000 - 0x00007ffe18695000 	C:\Windows\System32\Windows.UI.Immersive.dll
0x00007ffe1a290000 - 0x00007ffe1a2a8000 	C:\WINDOWS\System32\npmproxy.dll
0x00007ffe1f820000 - 0x00007ffe1f86b000 	C:\Windows\System32\CapabilityAccessManagerClient.dll
0x00007ffe20270000 - 0x00007ffe202f5000 	C:\WINDOWS\SYSTEM32\wlanapi.dll
0x00007ffe20250000 - 0x00007ffe2026f000 	C:\WINDOWS\SYSTEM32\MobileNetworking.dll
0x00007ffe27840000 - 0x00007ffe2786d000 	C:\Windows\System32\IPHLPAPI.DLL
0x00007ffe2ba70000 - 0x00007ffe2ba79000 	C:\WINDOWS\System32\NSI.dll
0x00007ffdfe860000 - 0x00007ffdfe877000 	C:\Windows\System32\dusmapi.dll

dbghelp: loaded successfully - version: 4.0.5 - missing functions: none
symbol engine: initialized successfully - sym options: 0x614 - pdb path: .;C:\Users\ivanr\.p2\pool\plugins\org.eclipse.justj.openjdk.hotspot.jre.full.win32.x86_64_23.0.2.v20250131-0604\jre\bin;C:\WINDOWS\SYSTEM32;C:\WINDOWS\WinSxS\amd64_microsoft.windows.common-controls_6595b64144ccf1df_6.0.22621.5547_none_27104afb73855772;C:\Users\ivanr\.p2\pool\plugins\org.eclipse.justj.openjdk.hotspot.jre.full.win32.x86_64_23.0.2.v20250131-0604\jre\bin\server;D:\Eclipse\javafx-sdk-25.0.1\bin;C:\WINDOWS\System32\DriverStore\FileRepository\iigd_dch.inf_amd64_35bb87b7e5b3c943

VM Arguments:
jvm_args: -Dfile.encoding=UTF-8 -Dstdout.encoding=UTF-8 -Dstderr.encoding=UTF-8 --module-path=D:\Eclipse\RQPH\bin;C:\Users\ivanr\.p2\pool\plugins\org.eclipse.fx.ide.css.jfx8_3.8.0.202204150904.jar;D:\Eclipse\javafx-sdk-25.0.1\lib\javafx.base.jar;D:\Eclipse\javafx-sdk-25.0.1\lib\javafx.controls.jar;D:\Eclipse\javafx-sdk-25.0.1\lib\javafx.fxml.jar;D:\Eclipse\javafx-sdk-25.0.1\lib\javafx.graphics.jar;D:\Eclipse\javafx-sdk-25.0.1\lib\javafx.media.jar;D:\Eclipse\javafx-sdk-25.0.1\lib\javafx.swing.jar;D:\Eclipse\javafx-sdk-25.0.1\lib\javafx.web.jar;D:\Eclipse\javafx-sdk-25.0.1\lib\javafx-swt.jar;D:\Eclipse\javafx-sdk-25.0.1\lib\jdk.jsobject.jar;D:\Eclipse\javafx-sdk-25.0.1\lib\jfx.incubator.input.jar;D:\Eclipse\javafx-sdk-25.0.1\lib\jfx.incubator.richtext.jar -XX:+ShowCodeDetailsInExceptionMessages -Djdk.module.main=RQPH 
java_command: RQPH/application.Main
java_class_path (initial): <not set>
Launcher Type: SUN_STANDARD

[Global flags]
     intx CICompilerCount                          = 3                                         {product} {ergonomic}
     uint ConcGCThreads                            = 1                                         {product} {ergonomic}
     uint G1ConcRefinementThreads                  = 4                                         {product} {ergonomic}
   size_t G1HeapRegionSize                         = 1048576                                   {product} {ergonomic}
   size_t InitialHeapSize                          = 132120576                                 {product} {ergonomic}
   size_t MarkStackSize                            = 4194304                                   {product} {ergonomic}
   size_t MarkStackSizeMax                         = 536870912                                 {product} {ergonomic}
   size_t MaxHeapSize                              = 2105540608                                {product} {ergonomic}
   size_t MaxNewSize                               = 1262485504                                {product} {ergonomic}
   size_t MinHeapDeltaBytes                        = 1048576                                   {product} {ergonomic}
   size_t MinHeapSize                              = 8388608                                   {product} {ergonomic}
    uintx NonNMethodCodeHeapSize                   = 5832704                                {pd product} {ergonomic}
    uintx NonProfiledCodeHeapSize                  = 122945536                              {pd product} {ergonomic}
    uintx ProfiledCodeHeapSize                     = 122880000                              {pd product} {ergonomic}
    uintx ReservedCodeCacheSize                    = 251658240                              {pd product} {ergonomic}
     bool SegmentedCodeCache                       = true                                      {product} {ergonomic}
     bool ShowCodeDetailsInExceptionMessages       = true                                   {manageable} {command line}
   size_t SoftMaxHeapSize                          = 2105540608                             {manageable} {ergonomic}
     bool UseCompressedOops                        = true                           {product lp64_product} {ergonomic}
     bool UseG1GC                                  = true                                      {product} {ergonomic}
     bool UseLargePagesIndividualAllocation        = false                                  {pd product} {ergonomic}

Logging:
Log output configuration:
 #0: stdout all=warning uptime,level,tags foldmultilines=false
 #1: stderr all=off uptime,level,tags foldmultilines=false

Environment Variables:
PATH=C:/Users/ivanr/.p2/pool/plugins/org.eclipse.justj.openjdk.hotspot.jre.full.win32.x86_64_23.0.2.v20250131-0604/jre/bin/server;C:/Users/ivanr/.p2/pool/plugins/org.eclipse.justj.openjdk.hotspot.jre.full.win32.x86_64_23.0.2.v20250131-0604/jre/bin;C:\Program Files\Eclipse Adoptium\jdk-21.0.8.9-hotspot\bin;C:\WINDOWS\system32;C:\WINDOWS;C:\WINDOWS\System32\Wbem;C:\WINDOWS\System32\WindowsPowerShell\v1.0\;C:\WINDOWS\System32\OpenSSH\;C:\Users\ivanr\AppData\Local\Microsoft\WindowsApps;D:\cursor\resources\app\bin;C:\Users\ivanr\AppData\Local\Programs\Microsoft VS Code\bin;C:\WINDOWS\system32;
USERNAME=ivanr
OS=Windows_NT
PROCESSOR_IDENTIFIER=Intel64 Family 6 Model 142 Stepping 12, GenuineIntel
TMP=C:\Users\ivanr\AppData\Local\Temp
TEMP=C:\Users\ivanr\AppData\Local\Temp




Periodic native trim disabled

---------------  S Y S T E M  ---------------

OS:
 Windows 11 , 64 bit Build 22621 (10.0.22621.5415)
OS uptime: 7 days 5:21 hours
Hyper-V role detected

CPU: total 4 (initial active 4) (2 cores per cpu, 2 threads per core) family 6 model 142 stepping 12 microcode 0xde, cx8, cmov, fxsr, ht, mmx, 3dnowpref, sse, sse2, sse3, ssse3, sse4.1, sse4.2, popcnt, lzcnt, tsc, tscinvbit, avx, avx2, aes, erms, clmul, bmi1, bmi2, adx, fma, vzeroupper, clflush, clflushopt, hv, rdtscp, f16c
Processor Information for the first 4 processors :
  Max Mhz: 2592, Current Mhz: 2592, Mhz Limit: 2073

Memory: 4k page, system-wide physical 8025M (618M free)
TotalPageFile size 23385M (AvailPageFile size 3M)
current process WorkingSet (physical memory assigned to process): 82M, peak: 82M
current process commit charge ("private bytes"): 228M, peak: 228M

vm_info: OpenJDK 64-Bit Server VM (23.0.2+7) for windows-amd64 JRE (23.0.2+7), built on 2025-01-21T00:00:00Z with MS VC++ 17.7 (VS2022)

END.
